
> lang-tools@0.0.36 test
> jest

node.exe : ÔùÅ Validation Warning:
At C:\nvm4w\nodejs\npm.ps1:29 char:3
+   & $NODE_EXE $NPM_CLI_JS $args
+   ~~~~~~~~~~~~~~~~~~~~~~~~~~~~~
    + CategoryInfo          : NotSpecified: (ÔùÅ Validation Warning::String) [], RemoteException
    + FullyQualifiedErrorId : NativeCommandError
 

  Unknown option "coverageThresholds" with value {"global": {"branches": 60, "functions": 70, "lines": 70, "statements": 70}} was found. Did you mean "coverageThreshold"?
  This is probably a typing mistake. Fixing it will remove this message.

  Configuration Documentation:
  https://jestjs.io/docs/configuration

ÔùÅ Validation Warning:

  Unknown option "coverageThresholds" with value {"global": {"branches": 60, "functions": 70, "lines": 70, "statements": 70}} was found. Did you mean "coverageThreshold"?
  This is probably a typing mistake. Fixing it will remove this message.

  Configuration Documentation:
  https://jestjs.io/docs/configuration

  console.error
    Trace: 
        at trace (C:\Users\james\Documents\repos\lang-tools\collective.js:89:17)
        at collective (C:\Users\james\Documents\repos\lang-tools\test\collective.test.js:175:7)
        at Object.<anonymous> (C:\Users\james\Documents\repos\lang-tools\node_modules\expect\build\toThrowMatchers.js:74:11)
        at Object.throwingMatcher [as toThrow] (C:\Users\james\Documents\repos\lang-tools\node_modules\expect\build\index.js:320:21)
        at Object.toThrow (C:\Users\james\Documents\repos\lang-tools\test\collective.test.js:176:8)
        at Promise.then.completed (C:\Users\james\Documents\repos\lang-tools\node_modules\jest-circus\build\utils.js:298:28)
        at new Promise (<anonymous>)
        at callAsyncCircusFn (C:\Users\james\Documents\repos\lang-tools\node_modules\jest-circus\build\utils.js:231:10)
        at _callCircusTest (C:\Users\james\Documents\repos\lang-tools\node_modules\jest-circus\build\run.js:316:40)
        at processTicksAndRejections (node:internal/process/task_queues:105:5)
        at _runTest (C:\Users\james\Documents\repos\lang-tools\node_modules\jest-circus\build\run.js:252:3)
        at _runTestsForDescribeBlock (C:\Users\james\Documents\repos\lang-tools\node_modules\jest-circus\build\run.js:126:9)
        at _runTestsForDescribeBlock (C:\Users\james\Documents\repos\lang-tools\node_modules\jest-circus\build\run.js:121:9)
        at run (C:\Users\james\Documents\repos\lang-tools\node_modules\jest-circus\build\run.js:71:3)
        at runAndTransformResultsToJestFormat (C:\Users\james\Documents\repos\lang-tools\node_modules\jest-circus\build\legacy-code-todo-rewrite\jestAdapterInit.js:122:21)
        at jestAdapter (C:\Users\james\Documents\repos\lang-tools\node_modules\jest-circus\build\legacy-code-todo-rewrite\jestAdapter.js:79:19)
        at runTestInternal (C:\Users\james\Documents\repos\lang-tools\node_modules\jest-runner\build\runTest.js:367:16)
        at runTest (C:\Users\james\Documents\repos\lang-tools\node_modules\jest-runner\build\runTest.js:444:34)
        at Object.worker (C:\Users\james\Documents\repos\lang-tools\node_modules\jest-runner\build\testWorker.js:106:12)

    [0m [90m 87 |[39m
     [90m 88 |[39m     } [36melse[39m {
    [31m[1m>[22m[39m[90m 89 |[39m         console[33m.[39mtrace()[33m;[39m
     [90m    |[39m                 [31m[1m^[22m[39m
     [90m 90 |[39m         [36mthrow[39m [32m'NYI'[39m[33m;[39m
     [90m 91 |[39m     }
     [90m 92 |[39m[0m

      at trace (collective.js:89:17)
      at collective (test/collective.test.js:175:7)
      at Object.<anonymous> (node_modules/expect/build/toThrowMatchers.js:74:11)
      at Object.throwingMatcher [as toThrow] (node_modules/expect/build/index.js:320:21)
      at Object.toThrow (test/collective.test.js:176:8)

FAIL test/collective.test.js
  Collective - Basic Property Access
    ÔêÜ should access property on all array items (9 ms)
    ÔêÜ should access numeric properties
    ÔêÜ should access nested properties (1 ms)
    ÔêÜ should handle undefined properties (1 ms)
    ÔêÜ should access boolean properties (1 ms)
  Collective - Method Calls
    ÔêÜ should call method on all array items
    ÔêÜ should call method with arguments
    ÔêÜ should call method with multiple arguments (1 ms)
    ÔêÜ should call string methods
    ÔêÜ should chain method calls (1 ms)
    ÔêÜ should call methods that return objects
  Collective - Array Method Access
    ÔêÜ should preserve array methods
    ÔêÜ should handle array indexing (1 ms)
    ├ù should support iteration
  Collective - Complex Objects
    ÔêÜ should handle objects with multiple properties (1 ms)
    ÔêÜ should handle objects with methods
    ÔêÜ should handle arrays of different object types (1 ms)
  Collective - Edge Cases
    ├ù should handle empty array
    ÔêÜ should handle single item array
    ÔêÜ should handle null values in array (2 ms)
    ÔêÜ should handle undefined values in array (1 ms)
    ÔêÜ should throw error for non-array input (69 ms)
    ÔêÜ should handle very large arrays (1 ms)
  Collective - Method Context
    ÔêÜ should preserve method context (1 ms)
    ÔêÜ should handle this context in methods
  Collective - Return Value Types
    ÔêÜ should collect string return values
    ÔêÜ should collect number return values (1 ms)
    ÔêÜ should collect boolean return values
    ÔêÜ should collect array return values
    ÔêÜ should collect null return values (1 ms)
  Collective - Practical Use Cases
    ÔêÜ should get bounding client rects from elements
    ÔêÜ should collect property values for filtering (1 ms)
    ÔêÜ should batch call methods with same arguments

  ÔùÅ Collective - Array Method Access ÔÇ║ should support iteration

    TypeError: coll.reduce is not a function

    [0m [90m 101 |[39m     [36mconst[39m arr [33m=[39m [[35m1[39m[33m,[39m [35m2[39m[33m,[39m [35m3[39m][33m;[39m
     [90m 102 |[39m     [36mconst[39m coll [33m=[39m collective(arr)[33m;[39m
    [31m[1m>[22m[39m[90m 103 |[39m     [36mconst[39m sum [33m=[39m coll[33m.[39mreduce((acc[33m,[39m val) [33m=>[39m acc [33m+[39m val[33m,[39m [35m0[39m)[33m;[39m
     [90m     |[39m                      [31m[1m^[22m[39m
     [90m 104 |[39m     expect(sum)[33m.[39mtoBe([35m6[39m)[33m;[39m
     [90m 105 |[39m   })[33m;[39m
     [90m 106 |[39m })[33m;[39m[0m

      at Object.reduce (test/collective.test.js:103:22)

  ÔùÅ Collective - Edge Cases ÔÇ║ should handle empty array

    TypeError: Cannot read properties of undefined (reading 'name')

    [0m [90m 56 |[39m                 } [36melse[39m {
     [90m 57 |[39m                     
    [31m[1m>[22m[39m[90m 58 |[39m                     [36mif[39m ([36mtypeof[39m arr[[35m0[39m][prop] [33m===[39m [32m'function'[39m) {
     [90m    |[39m                                      [31m[1m^[22m[39m
     [90m 59 |[39m
     [90m 60 |[39m                         [36mreturn[39m ([33m...[39ma) [33m=>[39m {
     [90m 61 |[39m                             [36mconst[39m res [33m=[39m [][33m;[39m[0m

      at Object.get (collective.js:58:38)
      at Object.<anonymous> (test/collective.test.js:149:35)

  console.error
    Trace: 
        at trace (C:\Users\james\Documents\repos\lang-tools\Data_Model\new\setup_data_value_data_type_set.js:517:17)
        at new setup_data_value_data_type_set (C:\Users\james\Documents\repos\lang-tools\Data_Model\new\Data_Value.js:144:13)
        at Object.<anonymous> (C:\Users\james\Documents\repos\lang-tools\test\data_value.test.js:49:16)
        at Promise.then.completed (C:\Users\james\Documents\repos\lang-tools\node_modules\jest-circus\build\utils.js:298:28)
        at new Promise (<anonymous>)
        at callAsyncCircusFn (C:\Users\james\Documents\repos\lang-tools\node_modules\jest-circus\build\utils.js:231:10)
        at _callCircusTest (C:\Users\james\Documents\repos\lang-tools\node_modules\jest-circus\build\run.js:316:40)
        at processTicksAndRejections (node:internal/process/task_queues:105:5)
        at _runTest (C:\Users\james\Documents\repos\lang-tools\node_modules\jest-circus\build\run.js:252:3)
        at _runTestsForDescribeBlock (C:\Users\james\Documents\repos\lang-tools\node_modules\jest-circus\build\run.js:126:9)
        at _runTestsForDescribeBlock (C:\Users\james\Documents\repos\lang-tools\node_modules\jest-circus\build\run.js:121:9)
        at run (C:\Users\james\Documents\repos\lang-tools\node_modules\jest-circus\build\run.js:71:3)
        at runAndTransformResultsToJestFormat (C:\Users\james\Documents\repos\lang-tools\node_modules\jest-circus\build\legacy-code-todo-rewrite\jestAdapterInit.js:122:21)
        at jestAdapter (C:\Users\james\Documents\repos\lang-tools\node_modules\jest-circus\build\legacy-code-todo-rewrite\jestAdapter.js:79:19)
        at runTestInternal (C:\Users\james\Documents\repos\lang-tools\node_modules\jest-runner\build\runTest.js:367:16)
        at runTest (C:\Users\james\Documents\repos\lang-tools\node_modules\jest-runner\build\runTest.js:444:34)
        at Object.worker (C:\Users\james\Documents\repos\lang-tools\node_modules\jest-runner\build\testWorker.js:106:12)

    [0m [90m 515 |[39m         define_data_type_typed_value_property()[33m;[39m
     [90m 516 |[39m     } [36melse[39m {
    [31m[1m>[22m[39m[90m 517 |[39m         console[33m.[39mtrace()[33m;[39m
     [90m     |[39m                 [31m[1m^[22m[39m
     [90m 518 |[39m         [36mthrow[39m [32m'NYI'[39m[33m;[39m
     [90m 519 |[39m     }
     [90m 520 |[39m[0m

      at trace (Data_Model/new/setup_data_value_data_type_set.js:517:17)
      at new setup_data_value_data_type_set (Data_Model/new/Data_Value.js:144:13)
      at Object.<anonymous> (test/data_value.test.js:49:16)

  console.error
    Trace: 
        at trace (C:\Users\james\Documents\repos\lang-tools\Data_Model\new\setup_data_value_data_type_set.js:517:17)
        at new setup_data_value_data_type_set (C:\Users\james\Documents\repos\lang-tools\Data_Model\new\Data_Value.js:144:13)
        at Object.<anonymous> (C:\Users\james\Documents\repos\lang-tools\test\data_value.test.js:59:16)
        at Promise.then.completed (C:\Users\james\Documents\repos\lang-tools\node_modules\jest-circus\build\utils.js:298:28)
        at new Promise (<anonymous>)
        at callAsyncCircusFn (C:\Users\james\Documents\repos\lang-tools\node_modules\jest-circus\build\utils.js:231:10)
        at _callCircusTest (C:\Users\james\Documents\repos\lang-tools\node_modules\jest-circus\build\run.js:316:40)
        at processTicksAndRejections (node:internal/process/task_queues:105:5)
        at _runTest (C:\Users\james\Documents\repos\lang-tools\node_modules\jest-circus\build\run.js:252:3)
        at _runTestsForDescribeBlock (C:\Users\james\Documents\repos\lang-tools\node_modules\jest-circus\build\run.js:126:9)
        at _runTestsForDescribeBlock (C:\Users\james\Documents\repos\lang-tools\node_modules\jest-circus\build\run.js:121:9)
        at run (C:\Users\james\Documents\repos\lang-tools\node_modules\jest-circus\build\run.js:71:3)
        at runAndTransformResultsToJestFormat (C:\Users\james\Documents\repos\lang-tools\node_modules\jest-circus\build\legacy-code-todo-rewrite\jestAdapterInit.js:122:21)
        at jestAdapter (C:\Users\james\Documents\repos\lang-tools\node_modules\jest-circus\build\legacy-code-todo-rewrite\jestAdapter.js:79:19)
        at runTestInternal (C:\Users\james\Documents\repos\lang-tools\node_modules\jest-runner\build\runTest.js:367:16)
        at runTest (C:\Users\james\Documents\repos\lang-tools\node_modules\jest-runner\build\runTest.js:444:34)
        at Object.worker (C:\Users\james\Documents\repos\lang-tools\node_modules\jest-runner\build\testWorker.js:106:12)

    [0m [90m 515 |[39m         define_data_type_typed_value_property()[33m;[39m
     [90m 516 |[39m     } [36melse[39m {
    [31m[1m>[22m[39m[90m 517 |[39m         console[33m.[39mtrace()[33m;[39m
     [90m     |[39m                 [31m[1m^[22m[39m
     [90m 518 |[39m         [36mthrow[39m [32m'NYI'[39m[33m;[39m
     [90m 519 |[39m     }
     [90m 520 |[39m[0m

      at trace (Data_Model/new/setup_data_value_data_type_set.js:517:17)
      at new setup_data_value_data_type_set (Data_Model/new/Data_Value.js:144:13)
      at Object.<anonymous> (test/data_value.test.js:59:16)

  console.error
    Trace: 
        at trace (C:\Users\james\Documents\repos\lang-tools\Data_Model\new\setup_data_value_data_type_set.js:517:17)
        at new setup_data_value_data_type_set (C:\Users\james\Documents\repos\lang-tools\Data_Model\new\Data_Value.js:144:13)
        at Object.<anonymous> (C:\Users\james\Documents\repos\lang-tools\test\data_value.test.js:71:16)
        at Promise.then.completed (C:\Users\james\Documents\repos\lang-tools\node_modules\jest-circus\build\utils.js:298:28)
        at new Promise (<anonymous>)
        at callAsyncCircusFn (C:\Users\james\Documents\repos\lang-tools\node_modules\jest-circus\build\utils.js:231:10)
        at _callCircusTest (C:\Users\james\Documents\repos\lang-tools\node_modules\jest-circus\build\run.js:316:40)
        at processTicksAndRejections (node:internal/process/task_queues:105:5)
        at _runTest (C:\Users\james\Documents\repos\lang-tools\node_modules\jest-circus\build\run.js:252:3)
        at _runTestsForDescribeBlock (C:\Users\james\Documents\repos\lang-tools\node_modules\jest-circus\build\run.js:126:9)
        at _runTestsForDescribeBlock (C:\Users\james\Documents\repos\lang-tools\node_modules\jest-circus\build\run.js:121:9)
        at run (C:\Users\james\Documents\repos\lang-tools\node_modules\jest-circus\build\run.js:71:3)
        at runAndTransformResultsToJestFormat (C:\Users\james\Documents\repos\lang-tools\node_modules\jest-circus\build\legacy-code-todo-rewrite\jestAdapterInit.js:122:21)
        at jestAdapter (C:\Users\james\Documents\repos\lang-tools\node_modules\jest-circus\build\legacy-code-todo-rewrite\jestAdapter.js:79:19)
        at runTestInternal (C:\Users\james\Documents\repos\lang-tools\node_modules\jest-runner\build\runTest.js:367:16)
        at runTest (C:\Users\james\Documents\repos\lang-tools\node_modules\jest-runner\build\runTest.js:444:34)
        at Object.worker (C:\Users\james\Documents\repos\lang-tools\node_modules\jest-runner\build\testWorker.js:106:12)

    [0m [90m 515 |[39m         define_data_type_typed_value_property()[33m;[39m
     [90m 516 |[39m     } [36melse[39m {
    [31m[1m>[22m[39m[90m 517 |[39m         console[33m.[39mtrace()[33m;[39m
     [90m     |[39m                 [31m[1m^[22m[39m
     [90m 518 |[39m         [36mthrow[39m [32m'NYI'[39m[33m;[39m
     [90m 519 |[39m     }
     [90m 520 |[39m[0m

      at trace (Data_Model/new/setup_data_value_data_type_set.js:517:17)
      at new setup_data_value_data_type_set (Data_Model/new/Data_Value.js:144:13)
      at Object.<anonymous> (test/data_value.test.js:71:16)

  console.error
    Trace: 
        at trace (C:\Users\james\Documents\repos\lang-tools\Data_Model\new\setup_data_value_data_type_set.js:517:17)
        at new setup_data_value_data_type_set (C:\Users\james\Documents\repos\lang-tools\Data_Model\new\Data_Value.js:144:13)
        at Object.<anonymous> (C:\Users\james\Documents\repos\lang-tools\test\data_value.test.js:78:16)
        at Promise.then.completed (C:\Users\james\Documents\repos\lang-tools\node_modules\jest-circus\build\utils.js:298:28)
        at new Promise (<anonymous>)
        at callAsyncCircusFn (C:\Users\james\Documents\repos\lang-tools\node_modules\jest-circus\build\utils.js:231:10)
        at _callCircusTest (C:\Users\james\Documents\repos\lang-tools\node_modules\jest-circus\build\run.js:316:40)
        at processTicksAndRejections (node:internal/process/task_queues:105:5)
        at _runTest (C:\Users\james\Documents\repos\lang-tools\node_modules\jest-circus\build\run.js:252:3)
        at _runTestsForDescribeBlock (C:\Users\james\Documents\repos\lang-tools\node_modules\jest-circus\build\run.js:126:9)
        at _runTestsForDescribeBlock (C:\Users\james\Documents\repos\lang-tools\node_modules\jest-circus\build\run.js:121:9)
        at run (C:\Users\james\Documents\repos\lang-tools\node_modules\jest-circus\build\run.js:71:3)
        at runAndTransformResultsToJestFormat (C:\Users\james\Documents\repos\lang-tools\node_modules\jest-circus\build\legacy-code-todo-rewrite\jestAdapterInit.js:122:21)
        at jestAdapter (C:\Users\james\Documents\repos\lang-tools\node_modules\jest-circus\build\legacy-code-todo-rewrite\jestAdapter.js:79:19)
        at runTestInternal (C:\Users\james\Documents\repos\lang-tools\node_modules\jest-runner\build\runTest.js:367:16)
        at runTest (C:\Users\james\Documents\repos\lang-tools\node_modules\jest-runner\build\runTest.js:444:34)
        at Object.worker (C:\Users\james\Documents\repos\lang-tools\node_modules\jest-runner\build\testWorker.js:106:12)

    [0m [90m 515 |[39m         define_data_type_typed_value_property()[33m;[39m
     [90m 516 |[39m     } [36melse[39m {
    [31m[1m>[22m[39m[90m 517 |[39m         console[33m.[39mtrace()[33m;[39m
     [90m     |[39m                 [31m[1m^[22m[39m
     [90m 518 |[39m         [36mthrow[39m [32m'NYI'[39m[33m;[39m
     [90m 519 |[39m     }
     [90m 520 |[39m[0m

      at trace (Data_Model/new/setup_data_value_data_type_set.js:517:17)
      at new setup_data_value_data_type_set (Data_Model/new/Data_Value.js:144:13)
      at Object.<anonymous> (test/data_value.test.js:78:16)

FAIL test/data_integer.test.js
  Data_Integer - Creation and Basic Values
    ├ù should create Data_Integer with number literal (7 ms)
    ├ù should create Data_Integer with spec object (1 ms)
    ├ù should create Data_Integer with zero
    ├ù should create Data_Integer with negative number (1 ms)
    ├ù should create Data_Integer with large number (1 ms)
  Data_Integer - Type Conversion and Validation
    ├ù should convert numeric string to integer
    ├ù should convert string to integer on creation
    ├ù should handle negative numeric strings
    ├ù should reject non-numeric strings (1 ms)
    ├ù should reject null assignment (1 ms)
    ├ù should reject undefined assignment (1 ms)
    ├ù should reject object assignment (1 ms)
    ├ù should reject array assignment
  Data_Integer - Sequential Reassignments
    ├ù should handle sequential number assignments
    ├ù should handle sequential string to integer conversions
    ├ù should handle alternating positive and negative values
    ├ù should handle rapid reassignments (1 ms)
  Data_Integer - Change Events
    ├ù should emit change event when value changes (1 ms)
    ├ù should not emit change event for same value (1 ms)
    ├ù should emit events for multiple changes
    ├ù should emit events when converting from string
  Data_Integer - Syncing with Data_String
    ├ù should sync Data_Integer and Data_String bidirectionally
    ├ù should sync from Data_String to Data_Integer
    ├ù should maintain types during sync
    ├ù should handle negative values in sync
    ├ù should handle zero in sync
  Data_Integer - Immutability
    ├ù should create immutable copy
    ├ù immutable copy should not allow changes
    ├ù original should remain mutable after toImmutable
  Data_Integer - Edge Cases
    ├ù should handle MAX_SAFE_INTEGER
    ├ù should handle MIN_SAFE_INTEGER
    ├ù should handle zero correctly
    ├ù should reject floating point strings
    ├ù should reject boolean values (1 ms)

  ÔùÅ Data_Integer - Creation and Basic Values ÔÇ║ should create Data_Integer with number literal

    TypeError: Cannot redefine property: value
        at Function.defineProperty (<anonymous>)

    [0m [90m 26 |[39m
     [90m 27 |[39m
    [31m[1m>[22m[39m[90m 28 |[39m     [33mObject[39m[33m.[39mdefineProperty(data_value[33m,[39m [32m'value'[39m[33m,[39m {
     [90m    |[39m            [31m[1m^[22m[39m
     [90m 29 |[39m
     [90m 30 |[39m         [36mget[39m() {
     [90m 31 |[39m             [36mreturn[39m local_js_value[33m;[39m[0m

      at defineProperty (Data_Model/new/setup_base_data_value_value_property.js:28:12)
      at new setup_base_data_value_value_property (Data_Model/new/Data_Integer.js:71:9)
      at Object.<anonymous> (test/data_integer.test.js:6:16)

  ÔùÅ Data_Integer - Creation and Basic Values ÔÇ║ should create Data_Integer with spec object

    TypeError: Cannot redefine property: value
        at Function.defineProperty (<anonymous>)

    [0m [90m 26 |[39m
     [90m 27 |[39m
    [31m[1m>[22m[39m[90m 28 |[39m     [33mObject[39m[33m.[39mdefineProperty(data_value[33m,[39m [32m'value'[39m[33m,[39m {
     [90m    |[39m            [31m[1m^[22m[39m
     [90m 29 |[39m
     [90m 30 |[39m         [36mget[39m() {
     [90m 31 |[39m             [36mreturn[39m local_js_value[33m;[39m[0m

      at defineProperty (Data_Model/new/setup_base_data_value_value_property.js:28:12)
      at new setup_base_data_value_value_property (Data_Model/new/Data_Integer.js:71:9)
      at Object.<anonymous> (test/data_integer.test.js:11:16)

  ÔùÅ Data_Integer - Creation and Basic Values ÔÇ║ should create Data_Integer with zero

    TypeError: Cannot redefine property: value
        at Function.defineProperty (<anonymous>)

    [0m [90m 26 |[39m
     [90m 27 |[39m
    [31m[1m>[22m[39m[90m 28 |[39m     [33mObject[39m[33m.[39mdefineProperty(data_value[33m,[39m [32m'value'[39m[33m,[39m {
     [90m    |[39m            [31m[1m^[22m[39m
     [90m 29 |[39m
     [90m 30 |[39m         [36mget[39m() {
     [90m 31 |[39m             [36mreturn[39m local_js_value[33m;[39m[0m

      at defineProperty (Data_Model/new/setup_base_data_value_value_property.js:28:12)
      at new setup_base_data_value_value_property (Data_Model/new/Data_Integer.js:71:9)
      at Object.<anonymous> (test/data_integer.test.js:16:16)

  ÔùÅ Data_Integer - Creation and Basic Values ÔÇ║ should create Data_Integer with negative number

    TypeError: Cannot redefine property: value
        at Function.defineProperty (<anonymous>)

    [0m [90m 26 |[39m
     [90m 27 |[39m
    [31m[1m>[22m[39m[90m 28 |[39m     [33mObject[39m[33m.[39mdefineProperty(data_value[33m,[39m [32m'value'[39m[33m,[39m {
     [90m    |[39m            [31m[1m^[22m[39m
     [90m 29 |[39m
     [90m 30 |[39m         [36mget[39m() {
     [90m 31 |[39m             [36mreturn[39m local_js_value[33m;[39m[0m

      at defineProperty (Data_Model/new/setup_base_data_value_value_property.js:28:12)
      at new setup_base_data_value_value_property (Data_Model/new/Data_Integer.js:71:9)
      at Object.<anonymous> (test/data_integer.test.js:21:16)

  ÔùÅ Data_Integer - Creation and Basic Values ÔÇ║ should create Data_Integer with large number

    TypeError: Cannot redefine property: value
        at Function.defineProperty (<anonymous>)

    [0m [90m 26 |[39m
     [90m 27 |[39m
    [31m[1m>[22m[39m[90m 28 |[39m     [33mObject[39m[33m.[39mdefineProperty(data_value[33m,[39m [32m'value'[39m[33m,[39m {
     [90m    |[39m            [31m[1m^[22m[39m
     [90m 29 |[39m
     [90m 30 |[39m         [36mget[39m() {
     [90m 31 |[39m             [36mreturn[39m local_js_value[33m;[39m[0m

      at defineProperty (Data_Model/new/setup_base_data_value_value_property.js:28:12)
      at new setup_base_data_value_value_property (Data_Model/new/Data_Integer.js:71:9)
      at Object.<anonymous> (test/data_integer.test.js:26:16)

  ÔùÅ Data_Integer - Type Conversion and Validation ÔÇ║ should convert numeric string to integer

    TypeError: Cannot redefine property: value
        at Function.defineProperty (<anonymous>)

    [0m [90m 26 |[39m
     [90m 27 |[39m
    [31m[1m>[22m[39m[90m 28 |[39m     [33mObject[39m[33m.[39mdefineProperty(data_value[33m,[39m [32m'value'[39m[33m,[39m {
     [90m    |[39m            [31m[1m^[22m[39m
     [90m 29 |[39m
     [90m 30 |[39m         [36mget[39m() {
     [90m 31 |[39m             [36mreturn[39m local_js_value[33m;[39m[0m

      at defineProperty (Data_Model/new/setup_base_data_value_value_property.js:28:12)
      at new setup_base_data_value_value_property (Data_Model/new/Data_Integer.js:71:9)
      at Object.<anonymous> (test/data_integer.test.js:33:16)

  ÔùÅ Data_Integer - Type Conversion and Validation ÔÇ║ should convert string to integer on creation

    TypeError: Cannot redefine property: value
        at Function.defineProperty (<anonymous>)

    [0m [90m 26 |[39m
     [90m 27 |[39m
    [31m[1m>[22m[39m[90m 28 |[39m     [33mObject[39m[33m.[39mdefineProperty(data_value[33m,[39m [32m'value'[39m[33m,[39m {
     [90m    |[39m            [31m[1m^[22m[39m
     [90m 29 |[39m
     [90m 30 |[39m         [36mget[39m() {
     [90m 31 |[39m             [36mreturn[39m local_js_value[33m;[39m[0m

      at defineProperty (Data_Model/new/setup_base_data_value_value_property.js:28:12)
      at new setup_base_data_value_value_property (Data_Model/new/Data_Integer.js:71:9)
      at Object.<anonymous> (test/data_integer.test.js:40:16)

  ÔùÅ Data_Integer - Type Conversion and Validation ÔÇ║ should handle negative numeric strings

    TypeError: Cannot redefine property: value
        at Function.defineProperty (<anonymous>)

    [0m [90m 26 |[39m
     [90m 27 |[39m
    [31m[1m>[22m[39m[90m 28 |[39m     [33mObject[39m[33m.[39mdefineProperty(data_value[33m,[39m [32m'value'[39m[33m,[39m {
     [90m    |[39m            [31m[1m^[22m[39m
     [90m 29 |[39m
     [90m 30 |[39m         [36mget[39m() {
     [90m 31 |[39m             [36mreturn[39m local_js_value[33m;[39m[0m

      at defineProperty (Data_Model/new/setup_base_data_value_value_property.js:28:12)
      at new setup_base_data_value_value_property (Data_Model/new/Data_Integer.js:71:9)
      at Object.<anonymous> (test/data_integer.test.js:46:16)

  ÔùÅ Data_Integer - Type Conversion and Validation ÔÇ║ should reject non-numeric strings

    TypeError: Cannot redefine property: value
        at Function.defineProperty (<anonymous>)

    [0m [90m 26 |[39m
     [90m 27 |[39m
    [31m[1m>[22m[39m[90m 28 |[39m     [33mObject[39m[33m.[39mdefineProperty(data_value[33m,[39m [32m'value'[39m[33m,[39m {
     [90m    |[39m            [31m[1m^[22m[39m
     [90m 29 |[39m
     [90m 30 |[39m         [36mget[39m() {
     [90m 31 |[39m             [36mreturn[39m local_js_value[33m;[39m[0m

      at defineProperty (Data_Model/new/setup_base_data_value_value_property.js:28:12)
      at new setup_base_data_value_value_property (Data_Model/new/Data_Integer.js:71:9)
      at Object.<anonymous> (test/data_integer.test.js:51:16)

  ÔùÅ Data_Integer - Type Conversion and Validation ÔÇ║ should reject null assignment

    TypeError: Cannot redefine property: value
        at Function.defineProperty (<anonymous>)

    [0m [90m 26 |[39m
     [90m 27 |[39m
    [31m[1m>[22m[39m[90m 28 |[39m     [33mObject[39m[33m.[39mdefineProperty(data_value[33m,[39m [32m'value'[39m[33m,[39m {
     [90m    |[39m            [31m[1m^[22m[39m
     [90m 29 |[39m
     [90m 30 |[39m         [36mget[39m() {
     [90m 31 |[39m             [36mreturn[39m local_js_value[33m;[39m[0m

      at defineProperty (Data_Model/new/setup_base_data_value_value_property.js:28:12)
      at new setup_base_data_value_value_property (Data_Model/new/Data_Integer.js:71:9)
      at Object.<anonymous> (test/data_integer.test.js:58:16)

  ÔùÅ Data_Integer - Type Conversion and Validation ÔÇ║ should reject undefined assignment

    TypeError: Cannot redefine property: value
        at Function.defineProperty (<anonymous>)

    [0m [90m 26 |[39m
     [90m 27 |[39m
    [31m[1m>[22m[39m[90m 28 |[39m     [33mObject[39m[33m.[39mdefineProperty(data_value[33m,[39m [32m'value'[39m[33m,[39m {
     [90m    |[39m            [31m[1m^[22m[39m
     [90m 29 |[39m
     [90m 30 |[39m         [36mget[39m() {
     [90m 31 |[39m             [36mreturn[39m local_js_value[33m;[39m[0m

      at defineProperty (Data_Model/new/setup_base_data_value_value_property.js:28:12)
      at new setup_base_data_value_value_property (Data_Model/new/Data_Integer.js:71:9)
      at Object.<anonymous> (test/data_integer.test.js:65:16)

  ÔùÅ Data_Integer - Type Conversion and Validation ÔÇ║ should reject object assignment

    TypeError: Cannot redefine property: value
        at Function.defineProperty (<anonymous>)

    [0m [90m 26 |[39m
     [90m 27 |[39m
    [31m[1m>[22m[39m[90m 28 |[39m     [33mObject[39m[33m.[39mdefineProperty(data_value[33m,[39m [32m'value'[39m[33m,[39m {
     [90m    |[39m            [31m[1m^[22m[39m
     [90m 29 |[39m
     [90m 30 |[39m         [36mget[39m() {
     [90m 31 |[39m             [36mreturn[39m local_js_value[33m;[39m[0m

      at defineProperty (Data_Model/new/setup_base_data_value_value_property.js:28:12)
      at new setup_base_data_value_value_property (Data_Model/new/Data_Integer.js:71:9)
      at Object.<anonymous> (test/data_integer.test.js:72:16)

  ÔùÅ Data_Integer - Type Conversion and Validation ÔÇ║ should reject array assignment

    TypeError: Cannot redefine property: value
        at Function.defineProperty (<anonymous>)

    [0m [90m 26 |[39m
     [90m 27 |[39m
    [31m[1m>[22m[39m[90m 28 |[39m     [33mObject[39m[33m.[39mdefineProperty(data_value[33m,[39m [32m'value'[39m[33m,[39m {
     [90m    |[39m            [31m[1m^[22m[39m
     [90m 29 |[39m
     [90m 30 |[39m         [36mget[39m() {
     [90m 31 |[39m             [36mreturn[39m local_js_value[33m;[39m[0m

      at defineProperty (Data_Model/new/setup_base_data_value_value_property.js:28:12)
      at new setup_base_data_value_value_property (Data_Model/new/Data_Integer.js:71:9)
      at Object.<anonymous> (test/data_integer.test.js:79:16)

  ÔùÅ Data_Integer - Sequential Reassignments ÔÇ║ should handle sequential number assignments

    TypeError: Cannot redefine property: value
        at Function.defineProperty (<anonymous>)

    [0m [90m 26 |[39m
     [90m 27 |[39m
    [31m[1m>[22m[39m[90m 28 |[39m     [33mObject[39m[33m.[39mdefineProperty(data_value[33m,[39m [32m'value'[39m[33m,[39m {
     [90m    |[39m            [31m[1m^[22m[39m
     [90m 29 |[39m
     [90m 30 |[39m         [36mget[39m() {
     [90m 31 |[39m             [36mreturn[39m local_js_value[33m;[39m[0m

      at defineProperty (Data_Model/new/setup_base_data_value_value_property.js:28:12)
      at new setup_base_data_value_value_property (Data_Model/new/Data_Integer.js:71:9)
      at Object.<anonymous> (test/data_integer.test.js:88:16)

  ÔùÅ Data_Integer - Sequential Reassignments ÔÇ║ should handle sequential string to integer conversions

    TypeError: Cannot redefine property: value
        at Function.defineProperty (<anonymous>)

    [0m [90m 26 |[39m
     [90m 27 |[39m
    [31m[1m>[22m[39m[90m 28 |[39m     [33mObject[39m[33m.[39mdefineProperty(data_value[33m,[39m [32m'value'[39m[33m,[39m {
     [90m    |[39m            [31m[1m^[22m[39m
     [90m 29 |[39m
     [90m 30 |[39m         [36mget[39m() {
     [90m 31 |[39m             [36mreturn[39m local_js_value[33m;[39m[0m

      at defineProperty (Data_Model/new/setup_base_data_value_value_property.js:28:12)
      at new setup_base_data_value_value_property (Data_Model/new/Data_Integer.js:71:9)
      at Object.<anonymous> (test/data_integer.test.js:96:16)

  ÔùÅ Data_Integer - Sequential Reassignments ÔÇ║ should handle alternating positive and negative values

    TypeError: Cannot redefine property: value
        at Function.defineProperty (<anonymous>)

    [0m [90m 26 |[39m
     [90m 27 |[39m
    [31m[1m>[22m[39m[90m 28 |[39m     [33mObject[39m[33m.[39mdefineProperty(data_value[33m,[39m [32m'value'[39m[33m,[39m {
     [90m    |[39m            [31m[1m^[22m[39m
     [90m 29 |[39m
     [90m 30 |[39m         [36mget[39m() {
     [90m 31 |[39m             [36mreturn[39m local_js_value[33m;[39m[0m

      at defineProperty (Data_Model/new/setup_base_data_value_value_property.js:28:12)
      at new setup_base_data_value_value_property (Data_Model/new/Data_Integer.js:71:9)
      at Object.<anonymous> (test/data_integer.test.js:104:16)

  ÔùÅ Data_Integer - Sequential Reassignments ÔÇ║ should handle rapid reassignments

    TypeError: Cannot redefine property: value
        at Function.defineProperty (<anonymous>)

    [0m [90m 26 |[39m
     [90m 27 |[39m
    [31m[1m>[22m[39m[90m 28 |[39m     [33mObject[39m[33m.[39mdefineProperty(data_value[33m,[39m [32m'value'[39m[33m,[39m {
     [90m    |[39m            [31m[1m^[22m[39m
     [90m 29 |[39m
     [90m 30 |[39m         [36mget[39m() {
     [90m 31 |[39m             [36mreturn[39m local_js_value[33m;[39m[0m

      at defineProperty (Data_Model/new/setup_base_data_value_value_property.js:28:12)
      at new setup_base_data_value_value_property (Data_Model/new/Data_Integer.js:71:9)
      at Object.<anonymous> (test/data_integer.test.js:114:16)

  ÔùÅ Data_Integer - Change Events ÔÇ║ should emit change event when value changes

    TypeError: Cannot redefine property: value
        at Function.defineProperty (<anonymous>)

    [0m [90m 26 |[39m
     [90m 27 |[39m
    [31m[1m>[22m[39m[90m 28 |[39m     [33mObject[39m[33m.[39mdefineProperty(data_value[33m,[39m [32m'value'[39m[33m,[39m {
     [90m    |[39m            [31m[1m^[22m[39m
     [90m 29 |[39m
     [90m 30 |[39m         [36mget[39m() {
     [90m 31 |[39m             [36mreturn[39m local_js_value[33m;[39m[0m

      at defineProperty (Data_Model/new/setup_base_data_value_value_property.js:28:12)
      at new setup_base_data_value_value_property (Data_Model/new/Data_Integer.js:71:9)
      at Object.<anonymous> (test/data_integer.test.js:124:16)

  ÔùÅ Data_Integer - Change Events ÔÇ║ should not emit change event for same value

    TypeError: Cannot redefine property: value
        at Function.defineProperty (<anonymous>)

    [0m [90m 26 |[39m
     [90m 27 |[39m
    [31m[1m>[22m[39m[90m 28 |[39m     [33mObject[39m[33m.[39mdefineProperty(data_value[33m,[39m [32m'value'[39m[33m,[39m {
     [90m    |[39m            [31m[1m^[22m[39m
     [90m 29 |[39m
     [90m 30 |[39m         [36mget[39m() {
     [90m 31 |[39m             [36mreturn[39m local_js_value[33m;[39m[0m

      at defineProperty (Data_Model/new/setup_base_data_value_value_property.js:28:12)
      at new setup_base_data_value_value_property (Data_Model/new/Data_Integer.js:71:9)
      at Object.<anonymous> (test/data_integer.test.js:136:16)

  ÔùÅ Data_Integer - Change Events ÔÇ║ should emit events for multiple changes

    TypeError: Cannot redefine property: value
        at Function.defineProperty (<anonymous>)

    [0m [90m 26 |[39m
     [90m 27 |[39m
    [31m[1m>[22m[39m[90m 28 |[39m     [33mObject[39m[33m.[39mdefineProperty(data_value[33m,[39m [32m'value'[39m[33m,[39m {
     [90m    |[39m            [31m[1m^[22m[39m
     [90m 29 |[39m
     [90m 30 |[39m         [36mget[39m() {
     [90m 31 |[39m             [36mreturn[39m local_js_value[33m;[39m[0m

      at defineProperty (Data_Model/new/setup_base_data_value_value_property.js:28:12)
      at new setup_base_data_value_value_property (Data_Model/new/Data_Integer.js:71:9)
      at Object.<anonymous> (test/data_integer.test.js:150:16)

  ÔùÅ Data_Integer - Change Events ÔÇ║ should emit events when converting from string

    TypeError: Cannot redefine property: value
        at Function.defineProperty (<anonymous>)

    [0m [90m 26 |[39m
     [90m 27 |[39m
    [31m[1m>[22m[39m[90m 28 |[39m     [33mObject[39m[33m.[39mdefineProperty(data_value[33m,[39m [32m'value'[39m[33m,[39m {
     [90m    |[39m            [31m[1m^[22m[39m
     [90m 29 |[39m
     [90m 30 |[39m         [36mget[39m() {
     [90m 31 |[39m             [36mreturn[39m local_js_value[33m;[39m[0m

      at defineProperty (Data_Model/new/setup_base_data_value_value_property.js:28:12)
      at new setup_base_data_value_value_property (Data_Model/new/Data_Integer.js:71:9)
      at Object.<anonymous> (test/data_integer.test.js:168:16)

  ÔùÅ Data_Integer - Syncing with Data_String ÔÇ║ should sync Data_Integer and Data_String bidirectionally

    TypeError: Cannot redefine property: value
        at Function.defineProperty (<anonymous>)

    [0m [90m 26 |[39m
     [90m 27 |[39m
    [31m[1m>[22m[39m[90m 28 |[39m     [33mObject[39m[33m.[39mdefineProperty(data_value[33m,[39m [32m'value'[39m[33m,[39m {
     [90m    |[39m            [31m[1m^[22m[39m
     [90m 29 |[39m
     [90m 30 |[39m         [36mget[39m() {
     [90m 31 |[39m             [36mreturn[39m local_js_value[33m;[39m[0m

      at defineProperty (Data_Model/new/setup_base_data_value_value_property.js:28:12)
      at new setup_base_data_value_value_property (Data_Model/new/Data_Integer.js:71:9)
      at Object.<anonymous> (test/data_integer.test.js:184:16)

  ÔùÅ Data_Integer - Syncing with Data_String ÔÇ║ should sync from Data_String to Data_Integer

    TypeError: Cannot redefine property: value
        at Function.defineProperty (<anonymous>)

    [0m [90m 26 |[39m
     [90m 27 |[39m
    [31m[1m>[22m[39m[90m 28 |[39m     [33mObject[39m[33m.[39mdefineProperty(data_value[33m,[39m [32m'value'[39m[33m,[39m {
     [90m    |[39m            [31m[1m^[22m[39m
     [90m 29 |[39m
     [90m 30 |[39m         [36mget[39m() {
     [90m 31 |[39m             [36mreturn[39m local_js_value[33m;[39m[0m

      at defineProperty (Data_Model/new/setup_base_data_value_value_property.js:28:12)
      at new setup_base_data_value_value_property (Data_Model/new/Data_Integer.js:71:9)
      at Object.<anonymous> (test/data_integer.test.js:196:16)

  ÔùÅ Data_Integer - Syncing with Data_String ÔÇ║ should maintain types during sync

    TypeError: Cannot redefine property: value
        at Function.defineProperty (<anonymous>)

    [0m [90m 26 |[39m
     [90m 27 |[39m
    [31m[1m>[22m[39m[90m 28 |[39m     [33mObject[39m[33m.[39mdefineProperty(data_value[33m,[39m [32m'value'[39m[33m,[39m {
     [90m    |[39m            [31m[1m^[22m[39m
     [90m 29 |[39m
     [90m 30 |[39m         [36mget[39m() {
     [90m 31 |[39m             [36mreturn[39m local_js_value[33m;[39m[0m

      at defineProperty (Data_Model/new/setup_base_data_value_value_property.js:28:12)
      at new setup_base_data_value_value_property (Data_Model/new/Data_Integer.js:71:9)
      at Object.<anonymous> (test/data_integer.test.js:207:16)

  ÔùÅ Data_Integer - Syncing with Data_String ÔÇ║ should handle negative values in sync

    TypeError: Cannot redefine property: value
        at Function.defineProperty (<anonymous>)

    [0m [90m 26 |[39m
     [90m 27 |[39m
    [31m[1m>[22m[39m[90m 28 |[39m     [33mObject[39m[33m.[39mdefineProperty(data_value[33m,[39m [32m'value'[39m[33m,[39m {
     [90m    |[39m            [31m[1m^[22m[39m
     [90m 29 |[39m
     [90m 30 |[39m         [36mget[39m() {
     [90m 31 |[39m             [36mreturn[39m local_js_value[33m;[39m[0m

      at defineProperty (Data_Model/new/setup_base_data_value_value_property.js:28:12)
      at new setup_base_data_value_value_property (Data_Model/new/Data_Integer.js:71:9)
      at Object.<anonymous> (test/data_integer.test.js:220:16)

  ÔùÅ Data_Integer - Syncing with Data_String ÔÇ║ should handle zero in sync

    TypeError: Cannot redefine property: value
        at Function.defineProperty (<anonymous>)

    [0m [90m 26 |[39m
     [90m 27 |[39m
    [31m[1m>[22m[39m[90m 28 |[39m     [33mObject[39m[33m.[39mdefineProperty(data_value[33m,[39m [32m'value'[39m[33m,[39m {
     [90m    |[39m            [31m[1m^[22m[39m
     [90m 29 |[39m
     [90m 30 |[39m         [36mget[39m() {
     [90m 31 |[39m             [36mreturn[39m local_js_value[33m;[39m[0m

      at defineProperty (Data_Model/new/setup_base_data_value_value_property.js:28:12)
      at new setup_base_data_value_value_property (Data_Model/new/Data_Integer.js:71:9)
      at Object.<anonymous> (test/data_integer.test.js:235:16)

  ÔùÅ Data_Integer - Immutability ÔÇ║ should create immutable copy

    TypeError: Cannot redefine property: value
        at Function.defineProperty (<anonymous>)

    [0m [90m 26 |[39m
     [90m 27 |[39m
    [31m[1m>[22m[39m[90m 28 |[39m     [33mObject[39m[33m.[39mdefineProperty(data_value[33m,[39m [32m'value'[39m[33m,[39m {
     [90m    |[39m            [31m[1m^[22m[39m
     [90m 29 |[39m
     [90m 30 |[39m         [36mget[39m() {
     [90m 31 |[39m             [36mreturn[39m local_js_value[33m;[39m[0m

      at defineProperty (Data_Model/new/setup_base_data_value_value_property.js:28:12)
      at new setup_base_data_value_value_property (Data_Model/new/Data_Integer.js:71:9)
      at Object.<anonymous> (test/data_integer.test.js:248:16)

  ÔùÅ Data_Integer - Immutability ÔÇ║ immutable copy should not allow changes

    TypeError: Cannot redefine property: value
        at Function.defineProperty (<anonymous>)

    [0m [90m 26 |[39m
     [90m 27 |[39m
    [31m[1m>[22m[39m[90m 28 |[39m     [33mObject[39m[33m.[39mdefineProperty(data_value[33m,[39m [32m'value'[39m[33m,[39m {
     [90m    |[39m            [31m[1m^[22m[39m
     [90m 29 |[39m
     [90m 30 |[39m         [36mget[39m() {
     [90m 31 |[39m             [36mreturn[39m local_js_value[33m;[39m[0m

      at defineProperty (Data_Model/new/setup_base_data_value_value_property.js:28:12)
      at new setup_base_data_value_value_property (Data_Model/new/Data_Integer.js:71:9)
      at Object.<anonymous> (test/data_integer.test.js:256:16)

  ÔùÅ Data_Integer - Immutability ÔÇ║ original should remain mutable after toImmutable

    TypeError: Cannot redefine property: value
        at Function.defineProperty (<anonymous>)

    [0m [90m 26 |[39m
     [90m 27 |[39m
    [31m[1m>[22m[39m[90m 28 |[39m     [33mObject[39m[33m.[39mdefineProperty(data_value[33m,[39m [32m'value'[39m[33m,[39m {
     [90m    |[39m            [31m[1m^[22m[39m
     [90m 29 |[39m
     [90m 30 |[39m         [36mget[39m() {
     [90m 31 |[39m             [36mreturn[39m local_js_value[33m;[39m[0m

      at defineProperty (Data_Model/new/setup_base_data_value_value_property.js:28:12)
      at new setup_base_data_value_value_property (Data_Model/new/Data_Integer.js:71:9)
      at Object.<anonymous> (test/data_integer.test.js:265:16)

  ÔùÅ Data_Integer - Edge Cases ÔÇ║ should handle MAX_SAFE_INTEGER

    TypeError: Cannot redefine property: value
        at Function.defineProperty (<anonymous>)

    [0m [90m 26 |[39m
     [90m 27 |[39m
    [31m[1m>[22m[39m[90m 28 |[39m     [33mObject[39m[33m.[39mdefineProperty(data_value[33m,[39m [32m'value'[39m[33m,[39m {
     [90m    |[39m            [31m[1m^[22m[39m
     [90m 29 |[39m
     [90m 30 |[39m         [36mget[39m() {
     [90m 31 |[39m             [36mreturn[39m local_js_value[33m;[39m[0m

      at defineProperty (Data_Model/new/setup_base_data_value_value_property.js:28:12)
      at new setup_base_data_value_value_property (Data_Model/new/Data_Integer.js:71:9)
      at Object.<anonymous> (test/data_integer.test.js:276:16)

  ÔùÅ Data_Integer - Edge Cases ÔÇ║ should handle MIN_SAFE_INTEGER

    TypeError: Cannot redefine property: value
        at Function.defineProperty (<anonymous>)

    [0m [90m 26 |[39m
     [90m 27 |[39m
    [31m[1m>[22m[39m[90m 28 |[39m     [33mObject[39m[33m.[39mdefineProperty(data_value[33m,[39m [32m'value'[39m[33m,[39m {
     [90m    |[39m            [31m[1m^[22m[39m
     [90m 29 |[39m
     [90m 30 |[39m         [36mget[39m() {
     [90m 31 |[39m             [36mreturn[39m local_js_value[33m;[39m[0m

      at defineProperty (Data_Model/new/setup_base_data_value_value_property.js:28:12)
      at new setup_base_data_value_value_property (Data_Model/new/Data_Integer.js:71:9)
      at Object.<anonymous> (test/data_integer.test.js:281:16)

  ÔùÅ Data_Integer - Edge Cases ÔÇ║ should handle zero correctly

    TypeError: Cannot redefine property: value
        at Function.defineProperty (<anonymous>)

    [0m [90m 26 |[39m
     [90m 27 |[39m
    [31m[1m>[22m[39m[90m 28 |[39m     [33mObject[39m[33m.[39mdefineProperty(data_value[33m,[39m [32m'value'[39m[33m,[39m {
     [90m    |[39m            [31m[1m^[22m[39m
     [90m 29 |[39m
     [90m 30 |[39m         [36mget[39m() {
     [90m 31 |[39m             [36mreturn[39m local_js_value[33m;[39m[0m

      at defineProperty (Data_Model/new/setup_base_data_value_value_property.js:28:12)
      at new setup_base_data_value_value_property (Data_Model/new/Data_Integer.js:71:9)
      at Object.<anonymous> (test/data_integer.test.js:286:16)

  ÔùÅ Data_Integer - Edge Cases ÔÇ║ should reject floating point strings

    TypeError: Cannot redefine property: value
        at Function.defineProperty (<anonymous>)

    [0m [90m 26 |[39m
     [90m 27 |[39m
    [31m[1m>[22m[39m[90m 28 |[39m     [33mObject[39m[33m.[39mdefineProperty(data_value[33m,[39m [32m'value'[39m[33m,[39m {
     [90m    |[39m            [31m[1m^[22m[39m
     [90m 29 |[39m
     [90m 30 |[39m         [36mget[39m() {
     [90m 31 |[39m             [36mreturn[39m local_js_value[33m;[39m[0m

      at defineProperty (Data_Model/new/setup_base_data_value_value_property.js:28:12)
      at new setup_base_data_value_value_property (Data_Model/new/Data_Integer.js:71:9)
      at Object.<anonymous> (test/data_integer.test.js:292:16)

  ÔùÅ Data_Integer - Edge Cases ÔÇ║ should reject boolean values

    TypeError: Cannot redefine property: value
        at Function.defineProperty (<anonymous>)

    [0m [90m 26 |[39m
     [90m 27 |[39m
    [31m[1m>[22m[39m[90m 28 |[39m     [33mObject[39m[33m.[39mdefineProperty(data_value[33m,[39m [32m'value'[39m[33m,[39m {
     [90m    |[39m            [31m[1m^[22m[39m
     [90m 29 |[39m
     [90m 30 |[39m         [36mget[39m() {
     [90m 31 |[39m             [36mreturn[39m local_js_value[33m;[39m[0m

      at defineProperty (Data_Model/new/setup_base_data_value_value_property.js:28:12)
      at new setup_base_data_value_value_property (Data_Model/new/Data_Integer.js:71:9)
      at Object.<anonymous> (test/data_integer.test.js:299:16)

FAIL test/util.test.js
  Util - Vector Addition (v_add)
    ÔêÜ should add two numbers (8 ms)
    ÔêÜ should add two vectors (1 ms)
    ÔêÜ should add vector and scalar (1 ms)
    ÔêÜ should add three numbers
    ÔêÜ should add multiple vectors (1 ms)
    ÔêÜ should handle negative numbers (1 ms)
    ÔêÜ should handle zero (1 ms)
  Util - Vector Subtraction (v_subtract)
    ÔêÜ should subtract two numbers
    ÔêÜ should subtract two vectors (1 ms)
    ÔêÜ should subtract scalar from vector
    ÔêÜ should subtract multiple numbers
    ÔêÜ should handle negative results (1 ms)
    ÔêÜ should handle zero
  Util - Vector Multiplication (v_multiply)
    ÔêÜ should multiply two numbers
    ÔêÜ should multiply two vectors element-wise
    ÔêÜ should scale vector by scalar
    ÔêÜ should multiply multiple numbers
    ÔêÜ should handle zero
    ÔêÜ should handle negative numbers (1 ms)
  Util - Vector Division (v_divide)
    ÔêÜ should divide two numbers
    ÔêÜ should divide two vectors element-wise (1 ms)
    ÔêÜ should divide vector by scalar
    ÔêÜ should handle division by one (1 ms)
    ÔêÜ should handle floating point results
    ÔêÜ should handle negative numbers
  Util - Vector Magnitude
    ÔêÜ should calculate magnitude of 2D vector (1 ms)
    ÔêÜ should calculate magnitude of unit vector
    ÔêÜ should handle zero vector (1 ms)
    ÔêÜ should handle negative components
    ÔêÜ should calculate magnitude correctly
    ÔêÜ should handle floating point vectors
  Util - Distance Between Points
    ÔêÜ should calculate distance between two points (1 ms)
    ÔêÜ should handle same point
    ÔêÜ should handle negative coordinates
    ÔêÜ should calculate horizontal distance
    ÔêÜ should calculate vertical distance
    ÔêÜ should handle floating point coordinates
  Util - Type Conversion (npx)
    ├ù should convert pixel string to number (3 ms)
    ├ù should convert array of pixel strings (5 ms)
    ├ù should handle strings without px
    ├ù should handle negative values (1 ms)
    ├ù should handle zero (1 ms)
    ├ù should handle floating point values
  Util - Type Conversion (no_px)
    ÔêÜ should remove px from pixel string
    ÔêÜ should convert array of pixel strings (1 ms)
    ÔêÜ should handle numbers directly
    ÔêÜ should handle negative values
    ÔêÜ should handle zero
  Util - Filter Map by Regex
    ÔêÜ should filter map by matching keys (1 ms)
    ÔêÜ should return empty object for no matches
    ÔêÜ should handle complex regex patterns (1 ms)
    ÔêÜ should handle empty map
    ÔêÜ should preserve values (1 ms)
  Util - Execute on Each Simple
    ÔêÜ should execute function on each item
    ÔêÜ should handle string transformations (1 ms)
    ÔêÜ should handle empty array
    ÔêÜ should handle object transformations
    ÔêÜ should preserve function context (1 ms)
  Util - Validators
    ÔêÜ should have validators object (1 ms)
    ÔêÜ validators should contain validation functions
  Util - Group Function
    ÔêÜ should have group function (1 ms)
  Util - Hex Color Conversion
    ├ù should convert RGB array to CSS hex (2 ms)
    ├ù should handle green color
    ├ù should handle blue color (1 ms)
    ├ù should handle white color (1 ms)
    ÔêÜ should handle black color
  Util - Edge Cases
    ÔêÜ should handle very large numbers in vector operations
    ÔêÜ should handle very small numbers (1 ms)
    ÔêÜ should handle mixed vector dimensions (1 ms)

  ÔùÅ Util - Type Conversion (npx) ÔÇ║ should convert pixel string to number

    expect(received).toBe(expected) // Object.is equality

    Expected: 100
    Received: "100px"

    [0m [90m 180 |[39m describe([32m'Util - Type Conversion (npx)'[39m[33m,[39m () [33m=>[39m {
     [90m 181 |[39m   test([32m'should convert pixel string to number'[39m[33m,[39m () [33m=>[39m {
    [31m[1m>[22m[39m[90m 182 |[39m     expect(util[33m.[39mnpx([32m'100px'[39m))[33m.[39mtoBe([35m100[39m)[33m;[39m
     [90m     |[39m                               [31m[1m^[22m[39m
     [90m 183 |[39m   })[33m;[39m
     [90m 184 |[39m
     [90m 185 |[39m   test([32m'should convert array of pixel strings'[39m[33m,[39m () [33m=>[39m {[0m

      at Object.toBe (test/util.test.js:182:31)

  ÔùÅ Util - Type Conversion (npx) ÔÇ║ should convert array of pixel strings

    expect(received).toEqual(expected) // deep equality

    - Expected  - 2
    + Received  + 2

      Array [
    -   10,
    -   20,
    +   "10px",
    +   "20px",
      ]

    [0m [90m 184 |[39m
     [90m 185 |[39m   test([32m'should convert array of pixel strings'[39m[33m,[39m () [33m=>[39m {
    [31m[1m>[22m[39m[90m 186 |[39m     expect(util[33m.[39mnpx([[32m'10px'[39m[33m,[39m [32m'20px'[39m]))[33m.[39mtoEqual([[35m10[39m[33m,[39m [35m20[39m])[33m;[39m
     [90m     |[39m                                        [31m[1m^[22m[39m
     [90m 187 |[39m   })[33m;[39m
     [90m 188 |[39m
     [90m 189 |[39m   test([32m'should handle strings without px'[39m[33m,[39m () [33m=>[39m {[0m

      at Object.toEqual (test/util.test.js:186:40)

  ÔùÅ Util - Type Conversion (npx) ÔÇ║ should handle strings without px

    expect(received).toBe(expected) // Object.is equality

    Expected: 50
  console.error
    Trace: 
        at trace (C:\Users\james\Documents\repos\lang-tools\Data_Model\new\setup_data_value_data_type_set.js:517:17)
        at new setup_data_value_data_type_set (C:\Users\james\Documents\repos\lang-tools\Data_Model\new\Data_Value.js:144:13)
        at Object.<anonymous> (C:\Users\james\Documents\repos\lang-tools\test\data_value.test.js:200:17)
        at Promise.then.completed (C:\Users\james\Documents\repos\lang-tools\node_modules\jest-circus\build\utils.js:298:28)
        at new Promise (<anonymous>)
        at callAsyncCircusFn (C:\Users\james\Documents\repos\lang-tools\node_modules\jest-circus\build\utils.js:231:10)
        at _callCircusTest (C:\Users\james\Documents\repos\lang-tools\node_modules\jest-circus\build\run.js:316:40)
        at processTicksAndRejections (node:internal/process/task_queues:105:5)
        at _runTest (C:\Users\james\Documents\repos\lang-tools\node_modules\jest-circus\build\run.js:252:3)
        at _runTestsForDescribeBlock (C:\Users\james\Documents\repos\lang-tools\node_modules\jest-circus\build\run.js:126:9)
        at _runTestsForDescribeBlock (C:\Users\james\Documents\repos\lang-tools\node_modules\jest-circus\build\run.js:121:9)
        at run (C:\Users\james\Documents\repos\lang-tools\node_modules\jest-circus\build\run.js:71:3)
        at runAndTransformResultsToJestFormat (C:\Users\james\Documents\repos\lang-tools\node_modules\jest-circus\build\legacy-code-todo-rewrite\jestAdapterInit.js:122:21)
        at jestAdapter (C:\Users\james\Documents\repos\lang-tools\node_modules\jest-circus\build\legacy-code-todo-rewrite\jestAdapter.js:79:19)
        at runTestInternal (C:\Users\james\Documents\repos\lang-tools\node_modules\jest-runner\build\runTest.js:367:16)
        at runTest (C:\Users\james\Documents\repos\lang-tools\node_modules\jest-runner\build\runTest.js:444:34)
        at Object.worker (C:\Users\james\Documents\repos\lang-tools\node_modules\jest-runner\build\testWorker.js:106:12)

    [0m [90m 515 |[39m         define_data_type_typed_value_property()[33m;[39m
     [90m 516 |[39m     } [36melse[39m {
    [31m[1m>[22m[39m[90m 517 |[39m         console[33m.[39mtrace()[33m;[39m
     [90m     |[39m                 [31m[1m^[22m[39m
     [90m 518 |[39m         [36mthrow[39m [32m'NYI'[39m[33m;[39m
     [90m 519 |[39m     }
     [90m 520 |[39m[0m

      at trace (Data_Model/new/setup_data_value_data_type_set.js:517:17)
      at new setup_data_value_data_type_set (Data_Model/new/Data_Value.js:144:13)
      at Object.<anonymous> (test/data_value.test.js:200:17)

  console.error
    Trace: 
        at trace (C:\Users\james\Documents\repos\lang-tools\Data_Model\new\setup_data_value_data_type_set.js:517:17)
        at new setup_data_value_data_type_set (C:\Users\james\Documents\repos\lang-tools\Data_Model\new\Data_Value.js:144:13)
        at Object.<anonymous> (C:\Users\james\Documents\repos\lang-tools\test\data_value.test.js:381:16)
        at Promise.then.completed (C:\Users\james\Documents\repos\lang-tools\node_modules\jest-circus\build\utils.js:298:28)
        at new Promise (<anonymous>)
    Received: "50"

    [0m [90m 188 |[39m
     [90m 189 |[39m   test([32m'should handle strings without px'[39m[33m,[39m () [33m=>[39m {
    [31m[1m>[22m[39m[90m 190 |[39m     expect(util[33m.[39mnpx([32m'50'[39m))[33m.[39mtoBe([35m50[39m)[33m;[39m
     [90m     |[39m                            [31m[1m^[22m[39m
     [90m 191 |[39m   })[33m;[39m
     [90m 192 |[39m
     [90m 193 |[39m   test([32m'should handle negative values'[39m[33m,[39m () [33m=>[39m {[0m

      at Object.toBe (test/util.test.js:190:28)

  ÔùÅ Util - Type Conversion (npx) ÔÇ║ should handle negative values

    expect(received).toBe(expected) // Object.is equality

    Expected: -10
    Received: "-10px"

    [0m [90m 192 |[39m
     [90m 193 |[39m   test([32m'should handle negative values'[39m[33m,[39m () [33m=>[39m {
    [31m[1m>[22m[39m[90m 194 |[39m     expect(util[33m.[39mnpx([32m'-10px'[39m))[33m.[39mtoBe([33m-[39m[35m10[39m)[33m;[39m
     [90m     |[39m                               [31m[1m^[22m[39m
     [90m 195 |[39m   })[33m;[39m
     [90m 196 |[39m
     [90m 197 |[39m   test([32m'should handle zero'[39m[33m,[39m () [33m=>[39m {[0m

      at Object.toBe (test/util.test.js:194:31)

  ÔùÅ Util - Type Conversion (npx) ÔÇ║ should handle zero

    expect(received).toBe(expected) // Object.is equality

    Expected: 0
    Received: "0px"

    [0m [90m 196 |[39m
     [90m 197 |[39m   test([32m'should handle zero'[39m[33m,[39m () [33m=>[39m {
    [31m[1m>[22m[39m[90m 198 |[39m     expect(util[33m.[39mnpx([32m'0px'[39m))[33m.[39mtoBe([35m0[39m)[33m;[39m
     [90m     |[39m                             [31m[1m^[22m[39m
     [90m 199 |[39m   })[33m;[39m
     [90m 200 |[39m
     [90m 201 |[39m   test([32m'should handle floating point values'[39m[33m,[39m () [33m=>[39m {[0m

      at Object.toBe (test/util.test.js:198:29)

  ÔùÅ Util - Type Conversion (npx) ÔÇ║ should handle floating point values

    expect(received).toBe(expected) // Object.is equality

    Expected: 12.5
    Received: "12.5px"

    [0m [90m 200 |[39m
     [90m 201 |[39m   test([32m'should handle floating point values'[39m[33m,[39m () [33m=>[39m {
    [31m[1m>[22m[39m[90m 202 |[39m     expect(util[33m.[39mnpx([32m'12.5px'[39m))[33m.[39mtoBe([35m12.5[39m)[33m;[39m
     [90m     |[39m                                [31m[1m^[22m[39m
     [90m 203 |[39m   })[33m;[39m
     [90m 204 |[39m })[33m;[39m
     [90m 205 |[39m[0m

      at Object.toBe (test/util.test.js:202:32)

  ÔùÅ Util - Hex Color Conversion ÔÇ║ should convert RGB array to CSS hex

    expect(received).toBe(expected) // Object.is equality

    Expected: "#ff0000"
    Received: "#FF0000"

    [0m [90m 316 |[39m     [36mconst[39m rgb [33m=[39m [[35m255[39m[33m,[39m [35m0[39m[33m,[39m [35m0[39m][33m;[39m
     [90m 317 |[39m     [36mconst[39m hex [33m=[39m util[33m.[39marr_rgb_to_css_hex_6(rgb)[33m;[39m
    [31m[1m>[22m[39m[90m 318 |[39m     expect(hex)[33m.[39mtoBe([32m'#ff0000'[39m)[33m;[39m
     [90m     |[39m                 [31m[1m^[22m[39m
     [90m 319 |[39m   })[33m;[39m
     [90m 320 |[39m
     [90m 321 |[39m   test([32m'should handle green color'[39m[33m,[39m () [33m=>[39m {[0m
        at callAsyncCircusFn (C:\Users\james\Documents\repos\lang-tools\node_modules\jest-circus\build\utils.js:231:10)
        at _callCircusTest (C:\Users\james\Documents\repos\lang-tools\node_modules\jest-circus\build\run.js:316:40)
        at processTicksAndRejections (node:internal/process/task_queues:105:5)
        at _runTest (C:\Users\james\Documents\repos\lang-tools\node_modules\jest-circus\build\run.js:252:3)
        at _runTestsForDescribeBlock (C:\Users\james\Documents\repos\lang-tools\node_modules\jest-circus\build\run.js:126:9)
        at _runTestsForDescribeBlock (C:\Users\james\Documents\repos\lang-tools\node_modules\jest-circus\build\run.js:121:9)
        at run (C:\Users\james\Documents\repos\lang-tools\node_modules\jest-circus\build\run.js:71:3)
        at runAndTransformResultsToJestFormat (C:\Users\james\Documents\repos\lang-tools\node_modules\jest-circus\build\legacy-code-todo-rewrite\jestAdapterInit.js:122:21)
        at jestAdapter (C:\Users\james\Documents\repos\lang-tools\node_modules\jest-circus\build\legacy-code-todo-rewrite\jestAdapter.js:79:19)
        at runTestInternal (C:\Users\james\Documents\repos\lang-tools\node_modules\jest-runner\build\runTest.js:367:16)
        at runTest (C:\Users\james\Documents\repos\lang-tools\node_modules\jest-runner\build\runTest.js:444:34)
        at Object.worker (C:\Users\james\Documents\repos\lang-tools\node_modules\jest-runner\build\testWorker.js:106:12)

    [0m [90m 515 |[39m         define_data_type_typed_value_property()[33m;[39m
     [90m 516 |[39m     } [36melse[39m {
    [31m[1m>[22m[39m[90m 517 |[39m         console[33m.[39mtrace()[33m;[39m
     [90m     |[39m                 [31m[1m^[22m[39m
     [90m 518 |[39m         [36mthrow[39m [32m'NYI'[39m[33m;[39m
     [90m 519 |[39m     }
     [90m 520 |[39m[0m

      at trace (Data_Model/new/setup_data_value_data_type_set.js:517:17)
      at new setup_data_value_data_type_set (Data_Model/new/Data_Value.js:144:13)
      at Object.<anonymous> (test/data_value.test.js:381:16)

  console.error
    Trace: 
        at trace (C:\Users\james\Documents\repos\lang-tools\Data_Model\new\setup_data_value_data_type_set.js:517:17)
        at new setup_data_value_data_type_set (C:\Users\james\Documents\repos\lang-tools\Data_Model\new\Data_Value.js:144:13)
        at Object.<anonymous> (C:\Users\james\Documents\repos\lang-tools\test\data_value.test.js:389:16)
        at Promise.then.completed (C:\Users\james\Documents\repos\lang-tools\node_modules\jest-circus\build\utils.js:298:28)
        at new Promise (<anonymous>)
        at callAsyncCircusFn (C:\Users\james\Documents\repos\lang-tools\node_modules\jest-circus\build\utils.js:231:10)
        at _callCircusTest (C:\Users\james\Documents\repos\lang-tools\node_modules\jest-circus\build\run.js:316:40)
        at processTicksAndRejections (node:internal/process/task_queues:105:5)
        at _runTest (C:\Users\james\Documents\repos\lang-tools\node_modules\jest-circus\build\run.js:252:3)
        at _runTestsForDescribeBlock (C:\Users\james\Documents\repos\lang-tools\node_modules\jest-circus\build\run.js:126:9)
        at _runTestsForDescribeBlock (C:\Users\james\Documents\repos\lang-tools\node_modules\jest-circus\build\run.js:121:9)
        at run (C:\Users\james\Documents\repos\lang-tools\node_modules\jest-circus\build\run.js:71:3)
        at runAndTransformResultsToJestFormat (C:\Users\james\Documents\repos\lang-tools\node_modules\jest-circus\build\legacy-code-todo-rewrite\jestAdapterInit.js:122:21)
        at jestAdapter (C:\Users\james\Documents\repos\lang-tools\node_modules\jest-circus\build\legacy-code-todo-rewrite\jestAdapter.js:79:19)
        at runTestInternal (C:\Users\james\Documents\repos\lang-tools\node_modules\jest-runner\build\runTest.js:367:16)
        at runTest (C:\Users\james\Documents\repos\lang-tools\node_modules\jest-runner\build\runTest.js:444:34)
        at Object.worker (C:\Users\james\Documents\repos\lang-tools\node_modules\jest-runner\build\testWorker.js:106:12)

    [0m [90m 515 |[39m         define_data_type_typed_value_property()[33m;[39m
     [90m 516 |[39m     } [36melse[39m {
    [31m[1m>[22m[39m[90m 517 |[39m         console[33m.[39mtrace()[33m;[39m
     [90m     |[39m                 [31m[1m^[22m[39m
     [90m 518 |[39m         [36mthrow[39m [32m'NYI'[39m[33m;[39m
     [90m 519 |[39m     }
     [90m 520 |[39m[0m

      at trace (Data_Model/new/setup_data_value_data_type_set.js:517:17)
      at new setup_data_value_data_type_set (Data_Model/new/Data_Value.js:144:13)
      at Object.<anonymous> (test/data_value.test.js:389:16)

  console.error
    Trace: 
        at trace (C:\Users\james\Documents\repos\lang-tools\Data_Model\new\setup_data_value_data_type_set.js:517:17)
        at new setup_data_value_data_type_set (C:\Users\james\Documents\repos\lang-tools\Data_Model\new\Data_Value.js:144:13)
        at Object.<anonymous> (C:\Users\james\Documents\repos\lang-tools\test\data_value.test.js:397:16)
        at Promise.then.completed (C:\Users\james\Documents\repos\lang-tools\node_modules\jest-circus\build\utils.js:298:28)
        at new Promise (<anonymous>)
        at callAsyncCircusFn (C:\Users\james\Documents\repos\lang-tools\node_modules\jest-circus\build\utils.js:231:10)
        at _callCircusTest (C:\Users\james\Documents\repos\lang-tools\node_modules\jest-circus\build\run.js:316:40)
        at processTicksAndRejections (node:internal/process/task_queues:105:5)
        at _runTest (C:\Users\james\Documents\repos\lang-tools\node_modules\jest-circus\build\run.js:252:3)
        at _runTestsForDescribeBlock (C:\Users\james\Documents\repos\lang-tools\node_modules\jest-circus\build\run.js:126:9)
        at _runTestsForDescribeBlock (C:\Users\james\Documents\repos\lang-tools\node_modules\jest-circus\build\run.js:121:9)
        at run (C:\Users\james\Documents\repos\lang-tools\node_modules\jest-circus\build\run.js:71:3)
        at runAndTransformResultsToJestFormat (C:\Users\james\Documents\repos\lang-tools\node_modules\jest-circus\build\legacy-code-todo-rewrite\jestAdapterInit.js:122:21)
        at jestAdapter (C:\Users\james\Documents\repos\lang-tools\node_modules\jest-circus\build\legacy-code-todo-rewrite\jestAdapter.js:79:19)
        at runTestInternal (C:\Users\james\Documents\repos\lang-tools\node_modules\jest-runner\build\runTest.js:367:16)
        at runTest (C:\Users\james\Documents\repos\lang-tools\node_modules\jest-runner\build\runTest.js:444:34)
        at Object.worker (C:\Users\james\Documents\repos\lang-tools\node_modules\jest-runner\build\testWorker.js:106:12)

    [0m [90m 515 |[39m         define_data_type_typed_value_property()[33m;[39m
     [90m 516 |[39m     } [36melse[39m {
    [31m[1m>[22m[39m[90m 517 |[39m         console[33m.[39mtrace()[33m;[39m
     [90m     |[39m                 [31m[1m^[22m[39m
     [90m 518 |[39m         [36mthrow[39m [32m'NYI'[39m[33m;[39m
     [90m 519 |[39m     }
     [90m 520 |[39m[0m

      at trace (Data_Model/new/setup_data_value_data_type_set.js:517:17)
      at new setup_data_value_data_type_set (Data_Model/new/Data_Value.js:144:13)
      at Object.<anonymous> (test/data_value.test.js:397:16)


      at Object.toBe (test/util.test.js:318:17)

  ÔùÅ Util - Hex Color Conversion ÔÇ║ should handle green color

    expect(received).toBe(expected) // Object.is equality

    Expected: "#00ff00"
    Received: "#00FF00"

    [0m [90m 322 |[39m     [36mconst[39m rgb [33m=[39m [[35m0[39m[33m,[39m [35m255[39m[33m,[39m [35m0[39m][33m;[39m
     [90m 323 |[39m     [36mconst[39m hex [33m=[39m util[33m.[39marr_rgb_to_css_hex_6(rgb)[33m;[39m
    [31m[1m>[22m[39m[90m 324 |[39m     expect(hex)[33m.[39mtoBe([32m'#00ff00'[39m)[33m;[39m
     [90m     |[39m                 [31m[1m^[22m[39m
     [90m 325 |[39m   })[33m;[39m
     [90m 326 |[39m
     [90m 327 |[39m   test([32m'should handle blue color'[39m[33m,[39m () [33m=>[39m {[0m

      at Object.toBe (test/util.test.js:324:17)

  ÔùÅ Util - Hex Color Conversion ÔÇ║ should handle blue color

    expect(received).toBe(expected) // Object.is equality

    Expected: "#0000ff"
    Received: "#0000FF"

    [0m [90m 328 |[39m     [36mconst[39m rgb [33m=[39m [[35m0[39m[33m,[39m [35m0[39m[33m,[39m [35m255[39m][33m;[39m
     [90m 329 |[39m     [36mconst[39m hex [33m=[39m util[33m.[39marr_rgb_to_css_hex_6(rgb)[33m;[39m
    [31m[1m>[22m[39m[90m 330 |[39m     expect(hex)[33m.[39mtoBe([32m'#0000ff'[39m)[33m;[39m
     [90m     |[39m                 [31m[1m^[22m[39m
     [90m 331 |[39m   })[33m;[39m
     [90m 332 |[39m
     [90m 333 |[39m   test([32m'should handle white color'[39m[33m,[39m () [33m=>[39m {[0m

      at Object.toBe (test/util.test.js:330:17)

  ÔùÅ Util - Hex Color Conversion ÔÇ║ should handle white color

    expect(received).toBe(expected) // Object.is equality

    Expected: "#ffffff"
    Received: "#FFFFFF"

    [0m [90m 334 |[39m     [36mconst[39m rgb [33m=[39m [[35m255[39m[33m,[39m [35m255[39m[33m,[39m [35m255[39m][33m;[39m
     [90m 335 |[39m     [36mconst[39m hex [33m=[39m util[33m.[39marr_rgb_to_css_hex_6(rgb)[33m;[39m
    [31m[1m>[22m[39m[90m 336 |[39m     expect(hex)[33m.[39mtoBe([32m'#ffffff'[39m)[33m;[39m
     [90m     |[39m                 [31m[1m^[22m[39m
     [90m 337 |[39m   })[33m;[39m
     [90m 338 |[39m
     [90m 339 |[39m   test([32m'should handle black color'[39m[33m,[39m () [33m=>[39m {[0m

      at Object.toBe (test/util.test.js:336:17)

FAIL test/data_string.test.js
  Data_String - Creation and Basic Values
    ÔêÜ should create Data_String with string literal (12 ms)
    ÔêÜ should create Data_String with spec object
    ├ù should create Data_String with empty string (4 ms)
    ÔêÜ should create Data_String with whitespace (1 ms)
    ÔêÜ should create Data_String with special characters (1 ms)
    ÔêÜ should create Data_String with unicode characters
  Data_String - Type Conversion and Validation
    ├ù should convert number to string (3 ms)
    ├ù should convert number on creation
    ├ù should convert negative numbers to string (1 ms)
    ├ù should convert zero to string (1 ms)
    ├ù should convert floating point numbers to string
    ├ù should reject undefined assignment (1 ms)
    ├ù should reject null assignment
    ├ù should reject object assignment
    ├ù should reject array assignment
  Data_String - Sequential Reassignments
    ÔêÜ should handle sequential string assignments (1 ms)
    ├ù should handle sequential number to string conversions (1 ms)
    ├ù should handle alternating string and number assignments (1 ms)
    ÔêÜ should handle rapid reassignments (11 ms)
  Data_String - String Manipulation
    ÔêÜ should handle trim operation
    ÔêÜ should handle uppercase conversion
    ÔêÜ should handle lowercase conversion (1 ms)
    ÔêÜ should handle string concatenation
    ÔêÜ should handle substring operations
    ÔêÜ should handle replace operations (1 ms)
  Data_String - Change Events
    ÔêÜ should emit change event when value changes (1 ms)
    ├ù should not emit change event for same value (1 ms)
    ÔêÜ should emit events for multiple changes (2 ms)
    ├ù should emit events when converting from number (1 ms)
  Data_String - Syncing with Data_Integer
    ├ù should sync Data_String and Data_Integer bidirectionally
    ├ù should sync from Data_String to Data_Integer
    ├ù should maintain types during sync
    ├ù should handle negative values in sync
    ├ù should handle zero in sync
    ├ù should propagate changes through sync chain
  Data_String - Immutability
    ├ù should create immutable copy
    ├ù immutable copy should not allow changes (1 ms)
    ├ù original should remain mutable after toImmutable (1 ms)
  Data_String - Edge Cases
    ÔêÜ should handle very long strings
    ÔêÜ should handle newlines and tabs
    ÔêÜ should handle quotes and escapes
    ÔêÜ should handle backslashes (1 ms)
    ├ù should handle boolean conversion
    ├ù should handle numeric edge cases (1 ms)

  ÔùÅ Data_String - Creation and Basic Values ÔÇ║ should create Data_String with empty string

    expect(received).toBe(expected) // Object.is equality

    Expected: ""
    Received: undefined

    [0m [90m 15 |[39m   test([32m'should create Data_String with empty string'[39m[33m,[39m () [33m=>[39m {
     [90m 16 |[39m     [36mconst[39m ds [33m=[39m [36mnew[39m [33mData_String[39m([32m''[39m)[33m;[39m
    [31m[1m>[22m[39m[90m 17 |[39m     expect(ds[33m.[39mvalue)[33m.[39mtoBe([32m''[39m)[33m;[39m
     [90m    |[39m                      [31m[1m^[22m[39m
     [90m 18 |[39m   })[33m;[39m
     [90m 19 |[39m
     [90m 20 |[39m   test([32m'should create Data_String with whitespace'[39m[33m,[39m () [33m=>[39m {[0m

      at Object.toBe (test/data_string.test.js:17:22)

  ÔùÅ Data_String - Type Conversion and Validation ÔÇ║ should convert number to string

    expect(received).toBe(expected) // Object.is equality

    Expected: "string"
    Received: "number"

    [0m [90m 38 |[39m     [36mconst[39m ds [33m=[39m [36mnew[39m [33mData_String[39m([32m'hello'[39m)[33m;[39m
     [90m 39 |[39m     ds[33m.[39mvalue [33m=[39m [35m123[39m[33m;[39m
    [31m[1m>[22m[39m[90m 40 |[39m     expect([36mtypeof[39m ds[33m.[39mvalue)[33m.[39mtoBe([32m'string'[39m)[33m;[39m
     [90m    |[39m                             [31m[1m^[22m[39m
     [90m 41 |[39m     expect(ds[33m.[39mvalue)[33m.[39mtoBe([32m'123'[39m)[33m;[39m
     [90m 42 |[39m   })[33m;[39m
     [90m 43 |[39m[0m

      at Object.toBe (test/data_string.test.js:40:29)

  ÔùÅ Data_String - Type Conversion and Validation ÔÇ║ should convert number on creation

    TypeError: Cannot read properties of undefined (reading 'value')

    [0m [90m 27 |[39m         setup_base_data_value_value_property([36mthis[39m)[33m;[39m
     [90m 28 |[39m
    [31m[1m>[22m[39m[90m 29 |[39m         [36mif[39m (spec[33m.[39mvalue) {
     [90m    |[39m                  [31m[1m^[22m[39m
     [90m 30 |[39m             [36mthis[39m[33m.[39mvalue [33m=[39m spec[33m.[39mvalue[33m;[39m
     [90m 31 |[39m         }
     [90m 32 |[39m     }[0m

      at new value (Data_Model/new/Data_String.js:29:18)
      at Object.<anonymous> (test/data_string.test.js:45:16)

  ÔùÅ Data_String - Type Conversion and Validation ÔÇ║ should convert negative numbers to string

    TypeError: Cannot read properties of undefined (reading 'value')

    [0m [90m 27 |[39m         setup_base_data_value_value_property([36mthis[39m)[33m;[39m
     [90m 28 |[39m
    [31m[1m>[22m[39m[90m 29 |[39m         [36mif[39m (spec[33m.[39mvalue) {
     [90m    |[39m                  [31m[1m^[22m[39m
     [90m 30 |[39m             [36mthis[39m[33m.[39mvalue [33m=[39m spec[33m.[39mvalue[33m;[39m
     [90m 31 |[39m         }
     [90m 32 |[39m     }[0m

      at new value (Data_Model/new/Data_String.js:29:18)
      at Object.<anonymous> (test/data_string.test.js:51:16)

  ÔùÅ Data_String - Type Conversion and Validation ÔÇ║ should convert zero to string

    TypeError: Cannot read properties of undefined (reading 'value')

    [0m [90m 27 |[39m         setup_base_data_value_value_property([36mthis[39m)[33m;[39m
     [90m 28 |[39m
    [31m[1m>[22m[39m[90m 29 |[39m         [36mif[39m (spec[33m.[39mvalue) {
     [90m    |[39m                  [31m[1m^[22m[39m
     [90m 30 |[39m             [36mthis[39m[33m.[39mvalue [33m=[39m spec[33m.[39mvalue[33m;[39m
     [90m 31 |[39m         }
     [90m 32 |[39m     }[0m

      at new value (Data_Model/new/Data_String.js:29:18)
      at Object.<anonymous> (test/data_string.test.js:56:16)

  ÔùÅ Data_String - Type Conversion and Validation ÔÇ║ should convert floating point numbers to string

    TypeError: Cannot read properties of undefined (reading 'value')

    [0m [90m 27 |[39m         setup_base_data_value_value_property([36mthis[39m)[33m;[39m
     [90m 28 |[39m
    [31m[1m>[22m[39m[90m 29 |[39m         [36mif[39m (spec[33m.[39mvalue) {
     [90m    |[39m                  [31m[1m^[22m[39m
     [90m 30 |[39m             [36mthis[39m[33m.[39mvalue [33m=[39m spec[33m.[39mvalue[33m;[39m
     [90m 31 |[39m         }
     [90m 32 |[39m     }[0m

      at new value (Data_Model/new/Data_String.js:29:18)
      at Object.<anonymous> (test/data_string.test.js:61:16)

  ÔùÅ Data_String - Type Conversion and Validation ÔÇ║ should reject undefined assignment

    expect(received).toThrow()

    Received function did not throw

    [0m [90m 67 |[39m     expect(() [33m=>[39m {
     [90m 68 |[39m       ds[33m.[39mvalue [33m=[39m undefined[33m;[39m
    [31m[1m>[22m[39m[90m 69 |[39m     })[33m.[39mtoThrow()[33m;[39m
     [90m    |[39m        [31m[1m^[22m[39m
     [90m 70 |[39m   })[33m;[39m
     [90m 71 |[39m
     [90m 72 |[39m   test([32m'should reject null assignment'[39m[33m,[39m () [33m=>[39m {[0m

      at Object.toThrow (test/data_string.test.js:69:8)

  ÔùÅ Data_String - Type Conversion and Validation ÔÇ║ should reject null assignment

    expect(received).toThrow()

    Received function did not throw

    [0m [90m 74 |[39m     expect(() [33m=>[39m {
     [90m 75 |[39m       ds[33m.[39mvalue [33m=[39m [36mnull[39m[33m;[39m
    [31m[1m>[22m[39m[90m 76 |[39m     })[33m.[39mtoThrow()[33m;[39m
     [90m    |[39m        [31m[1m^[22m[39m
     [90m 77 |[39m   })[33m;[39m
     [90m 78 |[39m
     [90m 79 |[39m   test([32m'should reject object assignment'[39m[33m,[39m () [33m=>[39m {[0m

      at Object.toThrow (test/data_string.test.js:76:8)

  ÔùÅ Data_String - Type Conversion and Validation ÔÇ║ should reject object assignment

    expect(received).toThrow()

    Received function did not throw

    [0m [90m 81 |[39m     expect(() [33m=>[39m {
     [90m 82 |[39m       ds[33m.[39mvalue [33m=[39m {a[33m:[39m [35m1[39m}[33m;[39m
    [31m[1m>[22m[39m[90m 83 |[39m     })[33m.[39mtoThrow()[33m;[39m
     [90m    |[39m        [31m[1m^[22m[39m
     [90m 84 |[39m   })[33m;[39m
     [90m 85 |[39m
     [90m 86 |[39m   test([32m'should reject array assignment'[39m[33m,[39m () [33m=>[39m {[0m

      at Object.toThrow (test/data_string.test.js:83:8)

  ÔùÅ Data_String - Type Conversion and Validation ÔÇ║ should reject array assignment

    expect(received).toThrow()

    Received function did not throw

    [0m [90m 88 |[39m     expect(() [33m=>[39m {
     [90m 89 |[39m       ds[33m.[39mvalue [33m=[39m [[35m1[39m[33m,[39m [35m2[39m[33m,[39m [35m3[39m][33m;[39m
    [31m[1m>[22m[39m[90m 90 |[39m     })[33m.[39mtoThrow()[33m;[39m
     [90m    |[39m        [31m[1m^[22m[39m
     [90m 91 |[39m   })[33m;[39m
     [90m 92 |[39m })[33m;[39m
     [90m 93 |[39m[0m

      at Object.toThrow (test/data_string.test.js:90:8)

  ÔùÅ Data_String - Sequential Reassignments ÔÇ║ should handle sequential number to string conversions

    expect(received).toBe(expected) // Object.is equality

    Expected: "1"
    Received: 1

    [0m [90m 107 |[39m     [36mfor[39m ([36mlet[39m i [33m=[39m [35m1[39m[33m;[39m i [33m<=[39m [35m10[39m[33m;[39m i[33m++[39m) {
     [90m 108 |[39m       ds[33m.[39mvalue [33m=[39m i[33m;[39m
    [31m[1m>[22m[39m[90m 109 |[39m       expect(ds[33m.[39mvalue)[33m.[39mtoBe(i[33m.[39mtoString())[33m;[39m
     [90m     |[39m                        [31m[1m^[22m[39m
     [90m 110 |[39m     }
     [90m 111 |[39m   })[33m;[39m
     [90m 112 |[39m[0m

      at Object.toBe (test/data_string.test.js:109:24)

  ÔùÅ Data_String - Sequential Reassignments ÔÇ║ should handle alternating string and number assignments

    expect(received).toBe(expected) // Object.is equality

    Expected: "42"
    Received: 42

    [0m [90m 118 |[39m     
     [90m 119 |[39m     ds[33m.[39mvalue [33m=[39m [35m42[39m[33m;[39m
    [31m[1m>[22m[39m[90m 120 |[39m     expect(ds[33m.[39mvalue)[33m.[39mtoBe([32m'42'[39m)[33m;[39m
     [90m     |[39m                      [31m[1m^[22m[39m
     [90m 121 |[39m     
     [90m 122 |[39m     ds[33m.[39mvalue [33m=[39m [32m'more text'[39m[33m;[39m
     [90m 123 |[39m     expect(ds[33m.[39mvalue)[33m.[39mtoBe([32m'more text'[39m)[33m;[39m[0m

      at Object.toBe (test/data_string.test.js:120:22)

  ÔùÅ Data_String - Change Events ÔÇ║ should not emit change event for same value

    expect(received).toBe(expected) // Object.is equality

    Expected: 0
    Received: 2

    [0m [90m 198 |[39m     ds[33m.[39mvalue [33m=[39m [32m'test'[39m[33m;[39m
     [90m 199 |[39m     
    [31m[1m>[22m[39m[90m 200 |[39m     expect(changeCount)[33m.[39mtoBe([35m0[39m)[33m;[39m
     [90m     |[39m                         [31m[1m^[22m[39m
     [90m 201 |[39m   })[33m;[39m
     [90m 202 |[39m
     [90m 203 |[39m   test([32m'should emit events for multiple changes'[39m[33m,[39m () [33m=>[39m {[0m

      at Object.toBe (test/data_string.test.js:200:25)

  ÔùÅ Data_String - Change Events ÔÇ║ should emit events when converting from number

    expect(received).toBe(expected) // Object.is equality

    Expected: "42"
    Received: 42

    [0m [90m 225 |[39m     ds[33m.[39mon([32m'change'[39m[33m,[39m (e) [33m=>[39m {
     [90m 226 |[39m       expect(e[33m.[39mold)[33m.[39mtoBe([32m'text'[39m)[33m;[39m
    [31m[1m>[22m[39m[90m 227 |[39m       expect(e[33m.[39mvalue)[33m.[39mtoBe([32m'42'[39m)[33m;[39m
     [90m     |[39m                       [31m[1m^[22m[39m
     [90m 228 |[39m       eventFired [33m=[39m [36mtrue[39m[33m;[39m
     [90m 229 |[39m     })[33m;[39m
     [90m 230 |[39m     [0m

      at Data_String.toBe (test/data_string.test.js:227:23)
      at Data_String.raise_event (node_modules/lang-mini/lang-mini.js:1936:23)
      at raise (Data_Model/new/setup_base_data_value_value_property.js:16:20)
      at Data_String.set_value_with_valid_and_changed_value (Data_Model/new/setup_base_data_value_value_property.js:87:17)
      at Object.<anonymous> (test/data_string.test.js:231:13)

  ÔùÅ Data_String - Syncing with Data_Integer ÔÇ║ should sync Data_String and Data_Integer bidirectionally

    TypeError: Cannot redefine property: value
        at Function.defineProperty (<anonymous>)

    [0m [90m 26 |[39m
     [90m 27 |[39m
    [31m[1m>[22m[39m[90m 28 |[39m     [33mObject[39m[33m.[39mdefineProperty(data_value[33m,[39m [32m'value'[39m[33m,[39m {
     [90m    |[39m            [31m[1m^[22m[39m
     [90m 29 |[39m
     [90m 30 |[39m         [36mget[39m() {
     [90m 31 |[39m             [36mreturn[39m local_js_value[33m;[39m[0m

      at defineProperty (Data_Model/new/setup_base_data_value_value_property.js:28:12)
      at new setup_base_data_value_value_property (Data_Model/new/Data_Integer.js:71:9)
      at Object.<anonymous> (test/data_string.test.js:239:16)

  ÔùÅ Data_String - Syncing with Data_Integer ÔÇ║ should sync from Data_String to Data_Integer

    TypeError: Cannot redefine property: value
        at Function.defineProperty (<anonymous>)

    [0m [90m 26 |[39m
     [90m 27 |[39m
    [31m[1m>[22m[39m[90m 28 |[39m     [33mObject[39m[33m.[39mdefineProperty(data_value[33m,[39m [32m'value'[39m[33m,[39m {
     [90m    |[39m            [31m[1m^[22m[39m
     [90m 29 |[39m
     [90m 30 |[39m         [36mget[39m() {
     [90m 31 |[39m             [36mreturn[39m local_js_value[33m;[39m[0m

      at defineProperty (Data_Model/new/setup_base_data_value_value_property.js:28:12)
      at new setup_base_data_value_value_property (Data_Model/new/Data_Integer.js:71:9)
      at Object.<anonymous> (test/data_string.test.js:251:16)

  ÔùÅ Data_String - Syncing with Data_Integer ÔÇ║ should maintain types during sync

    TypeError: Cannot redefine property: value
        at Function.defineProperty (<anonymous>)

    [0m [90m 26 |[39m
     [90m 27 |[39m
    [31m[1m>[22m[39m[90m 28 |[39m     [33mObject[39m[33m.[39mdefineProperty(data_value[33m,[39m [32m'value'[39m[33m,[39m {
     [90m    |[39m            [31m[1m^[22m[39m
     [90m 29 |[39m
     [90m 30 |[39m         [36mget[39m() {
     [90m 31 |[39m             [36mreturn[39m local_js_value[33m;[39m[0m

      at defineProperty (Data_Model/new/setup_base_data_value_value_property.js:28:12)
      at new setup_base_data_value_value_property (Data_Model/new/Data_Integer.js:71:9)
      at Object.<anonymous> (test/data_string.test.js:262:16)

  ÔùÅ Data_String - Syncing with Data_Integer ÔÇ║ should handle negative values in sync

    TypeError: Cannot redefine property: value
        at Function.defineProperty (<anonymous>)

    [0m [90m 26 |[39m
     [90m 27 |[39m
    [31m[1m>[22m[39m[90m 28 |[39m     [33mObject[39m[33m.[39mdefineProperty(data_value[33m,[39m [32m'value'[39m[33m,[39m {
     [90m    |[39m            [31m[1m^[22m[39m
     [90m 29 |[39m
     [90m 30 |[39m         [36mget[39m() {
     [90m 31 |[39m             [36mreturn[39m local_js_value[33m;[39m[0m

      at defineProperty (Data_Model/new/setup_base_data_value_value_property.js:28:12)
      at new setup_base_data_value_value_property (Data_Model/new/Data_Integer.js:71:9)
      at Object.<anonymous> (test/data_string.test.js:275:16)

  ÔùÅ Data_String - Syncing with Data_Integer ÔÇ║ should handle zero in sync

    TypeError: Cannot redefine property: value
        at Function.defineProperty (<anonymous>)

    [0m [90m 26 |[39m
     [90m 27 |[39m
    [31m[1m>[22m[39m[90m 28 |[39m     [33mObject[39m[33m.[39mdefineProperty(data_value[33m,[39m [32m'value'[39m[33m,[39m {
     [90m    |[39m            [31m[1m^[22m[39m
     [90m 29 |[39m
     [90m 30 |[39m         [36mget[39m() {
     [90m 31 |[39m             [36mreturn[39m local_js_value[33m;[39m[0m

      at defineProperty (Data_Model/new/setup_base_data_value_value_property.js:28:12)
      at new setup_base_data_value_value_property (Data_Model/new/Data_Integer.js:71:9)
      at Object.<anonymous> (test/data_string.test.js:290:16)

  ÔùÅ Data_String - Syncing with Data_Integer ÔÇ║ should propagate changes through sync chain

    TypeError: Cannot redefine property: value
        at Function.defineProperty (<anonymous>)

    [0m [90m 26 |[39m
     [90m 27 |[39m
    [31m[1m>[22m[39m[90m 28 |[39m     [33mObject[39m[33m.[39mdefineProperty(data_value[33m,[39m [32m'value'[39m[33m,[39m {
     [90m    |[39m            [31m[1m^[22m[39m
     [90m 29 |[39m
     [90m 30 |[39m         [36mget[39m() {
     [90m 31 |[39m             [36mreturn[39m local_js_value[33m;[39m[0m

      at defineProperty (Data_Model/new/setup_base_data_value_value_property.js:28:12)
      at new setup_base_data_value_value_property (Data_Model/new/Data_Integer.js:71:9)
      at Object.<anonymous> (test/data_string.test.js:301:16)

  ÔùÅ Data_String - Immutability ÔÇ║ should create immutable copy

    TypeError: ds.toImmutable is not a function

    [0m [90m 315 |[39m   test([32m'should create immutable copy'[39m[33m,[39m () [33m=>[39m {
     [90m 316 |[39m     [36mconst[39m ds [33m=[39m [36mnew[39m [33mData_String[39m([32m'hello'[39m)[33m;[39m
    [31m[1m>[22m[39m[90m 317 |[39m     [36mconst[39m immutable [33m=[39m ds[33m.[39mtoImmutable()[33m;[39m
     [90m     |[39m                          [31m[1m^[22m[39m
     [90m 318 |[39m     
     [90m 319 |[39m     expect(immutable[33m.[39m__immutable)[33m.[39mtoBe([36mtrue[39m)[33m;[39m
     [90m 320 |[39m     expect(immutable[33m.[39mvalue)[33m.[39mtoBe([32m'hello'[39m)[33m;[39m[0m

      at Object.toImmutable (test/data_string.test.js:317:26)

  ÔùÅ Data_String - Immutability ÔÇ║ immutable copy should not allow changes

    TypeError: ds.toImmutable is not a function

    [0m [90m 323 |[39m   test([32m'immutable copy should not allow changes'[39m[33m,[39m () [33m=>[39m {
     [90m 324 |[39m     [36mconst[39m ds [33m=[39m [36mnew[39m [33mData_String[39m([32m'hello'[39m)[33m;[39m
    [31m[1m>[22m[39m[90m 325 |[39m     [36mconst[39m immutable [33m=[39m ds[33m.[39mtoImmutable()[33m;[39m
     [90m     |[39m                          [31m[1m^[22m[39m
     [90m 326 |[39m     
     [90m 327 |[39m     expect(() [33m=>[39m {
     [90m 328 |[39m       immutable[33m.[39mvalue [33m=[39m [32m'world'[39m[33m;[39m[0m

      at Object.toImmutable (test/data_string.test.js:325:26)

  ÔùÅ Data_String - Immutability ÔÇ║ original should remain mutable after toImmutable

    TypeError: ds.toImmutable is not a function

    [0m [90m 332 |[39m   test([32m'original should remain mutable after toImmutable'[39m[33m,[39m () [33m=>[39m {
     [90m 333 |[39m     [36mconst[39m ds [33m=[39m [36mnew[39m [33mData_String[39m([32m'hello'[39m)[33m;[39m
    [31m[1m>[22m[39m[90m 334 |[39m     [36mconst[39m immutable [33m=[39m ds[33m.[39mtoImmutable()[33m;[39m
     [90m     |[39m                          [31m[1m^[22m[39m
     [90m 335 |[39m     
     [90m 336 |[39m     ds[33m.[39mvalue [33m=[39m [32m'world'[39m[33m;[39m
     [90m 337 |[39m     expect(ds[33m.[39mvalue)[33m.[39mtoBe([32m'world'[39m)[33m;[39m[0m

      at Object.toImmutable (test/data_string.test.js:334:26)

  ÔùÅ Data_String - Edge Cases ÔÇ║ should handle boolean conversion

    TypeError: Cannot read properties of undefined (reading 'value')

    [0m [90m 27 |[39m         setup_base_data_value_value_property([36mthis[39m)[33m;[39m
     [90m 28 |[39m
    [31m[1m>[22m[39m[90m 29 |[39m         [36mif[39m (spec[33m.[39mvalue) {
     [90m    |[39m                  [31m[1m^[22m[39m
     [90m 30 |[39m             [36mthis[39m[33m.[39mvalue [33m=[39m spec[33m.[39mvalue[33m;[39m
     [90m 31 |[39m         }
     [90m 32 |[39m     }[0m

      at new value (Data_Model/new/Data_String.js:29:18)
      at Object.<anonymous> (test/data_string.test.js:366:16)

  ÔùÅ Data_String - Edge Cases ÔÇ║ should handle numeric edge cases

    TypeError: Cannot read properties of undefined (reading 'value')

    [0m [90m 27 |[39m         setup_base_data_value_value_property([36mthis[39m)[33m;[39m
     [90m 28 |[39m
    [31m[1m>[22m[39m[90m 29 |[39m         [36mif[39m (spec[33m.[39mvalue) {
     [90m    |[39m                  [31m[1m^[22m[39m
     [90m 30 |[39m             [36mthis[39m[33m.[39mvalue [33m=[39m spec[33m.[39mvalue[33m;[39m
     [90m 31 |[39m         }
     [90m 32 |[39m     }[0m

      at new value (Data_Model/new/Data_String.js:29:18)
      at Object.<anonymous> (test/data_string.test.js:374:16)

FAIL test/collection.test.js
  Collection - Creation and Initialization
    ÔêÜ should create empty collection (9 ms)
    ÔêÜ should create collection from array spec (2 ms)
    ÔêÜ should create collection with spec object (1 ms)
    ÔêÜ should create collection with items property (1 ms)
    ÔêÜ should create collection with constructor parameter (1 ms)
  Collection - Push Operations
    ÔêÜ should push single string item (1 ms)
    ÔêÜ should push multiple items (1 ms)
    ÔêÜ should push and retrieve items (1 ms)
    ÔêÜ should push numbers (1 ms)
    ÔêÜ should push objects (2 ms)
    ÔêÜ should push arrays (1 ms)
  Collection - Get Operations
    ÔêÜ should get item by index (1 ms)
    ÔêÜ should get items with different types (1 ms)
    ÔêÜ should handle get for non-existent index (1 ms)
    ÔêÜ should handle negative indices
  Collection - Each/Iteration Operations
    ÔêÜ should iterate through all items (1 ms)
    ÔêÜ should provide correct indices in each (1 ms)
    ÔêÜ should iterate through mixed types (1 ms)
    ÔêÜ should handle each on empty collection (1 ms)
    ÔêÜ should allow breaking iteration
  Collection - Insert Operations
    ÔêÜ should insert at specific position (1 ms)
    ÔêÜ should insert at beginning (1 ms)
    ÔêÜ should insert at end
    ÔêÜ should shift existing items after insertion (1 ms)
    ÔêÜ should insert different types
  Collection - Remove Operations
    ÔêÜ should remove item by index
    ÔêÜ should remove first item (1 ms)
    ÔêÜ should remove last item
    ÔêÜ should handle remove from single-item collection
    ÔêÜ should handle multiple removes
  Collection - Clear Operations
    ÔêÜ should clear all items (1 ms)
    ÔêÜ should emit change event on clear (1 ms)
    ÔêÜ should allow push after clear (1 ms)
    ÔêÜ should clear empty collection without error
  Collection - Value and Object Conversions
    ÔêÜ should return values array
    ÔêÜ should convert to object array (1 ms)
    ÔêÜ should handle value() on empty collection
    ÔêÜ should handle toObject() on empty collection (1 ms)
  Collection - Set Operations
    ÔêÜ should set collection with array
    ÔêÜ should clear and repopulate on set (1 ms)
    ├ù should set with single value
  Collection - Indexing
    ÔêÜ should maintain index for items
    ├ù should update index on push
    ├ù should handle custom index function (1 ms)
    ÔêÜ should maintain index after remove (1 ms)
  Collection - Length Operations
    ÔêÜ should return correct length for empty collection
    ÔêÜ should return correct length after push (1 ms)
    ÔêÜ should return correct length after remove
    ÔêÜ should return correct length after clear (1 ms)
    ÔêÜ should maintain accurate length through operations (1 ms)
  Collection - Edge Cases
    ÔêÜ should handle very large collections (5 ms)
    ÔêÜ should handle nested collections (1 ms)
    ├ù should handle null values (1 ms)
    ├ù should handle undefined values
    ├ù should handle boolean values

  ÔùÅ Collection - Set Operations ÔÇ║ should set with single value

    TypeError: Cannot read properties of undefined (reading 'set')

    [0m [90m 162 |[39m             } [36melse[39m {
     [90m 163 |[39m                 [90m//console.log("_super:" + value);[39m
    [31m[1m>[22m[39m[90m 164 |[39m                 [36mreturn[39m [36mthis[39m[33m.[39m[36msuper[39m[33m.[39m[36mset[39m(value)[33m;[39m
     [90m     |[39m                                   [31m[1m^[22m[39m
     [90m 165 |[39m             }
     [90m 166 |[39m         }
     [90m 167 |[39m     }[0m

      at Collection.set (Data_Model/old/Collection.js:164:35)
      at Object.set (test/collection.test.js:321:10)

  ÔùÅ Collection - Indexing ÔÇ║ should update index on push

    TypeError: coll.index.size is not a function

    [0m [90m 334 |[39m     [36mconst[39m coll [33m=[39m [36mnew[39m [33mCollection[39m()[33m;[39m
     [90m 335 |[39m     coll[33m.[39mpush([32m'First'[39m)[33m;[39m
    [31m[1m>[22m[39m[90m 336 |[39m     expect(coll[33m.[39mindex[33m.[39msize())[33m.[39mtoBeGreaterThanOrEqual([35m0[39m)[33m;[39m
     [90m     |[39m                       [31m[1m^[22m[39m
     [90m 337 |[39m   })[33m;[39m
     [90m 338 |[39m
     [90m 339 |[39m   test([32m'should handle custom index function'[39m[33m,[39m () [33m=>[39m {[0m

      at Object.size (test/collection.test.js:336:23)

  ÔùÅ Collection - Indexing ÔÇ║ should handle custom index function

    TypeError: item.value is not a function

    [0m [90m 338 |[39m
     [90m 339 |[39m   test([32m'should handle custom index function'[39m[33m,[39m () [33m=>[39m {
    [31m[1m>[22m[39m[90m 340 |[39m     [36mconst[39m fn_index [33m=[39m (item) [33m=>[39m item[33m.[39mvalue()[33m;[39m
     [90m     |[39m                                     [31m[1m^[22m[39m
     [90m 341 |[39m     [36mconst[39m coll [33m=[39m [36mnew[39m [33mCollection[39m({fn_index})[33m;[39m
     [90m 342 |[39m     coll[33m.[39mpush([32m'Test'[39m)[33m;[39m
     [90m 343 |[39m     expect(coll[33m.[39mindex)[33m.[39mtoBeDefined()[33m;[39m[0m

      at value (test/collection.test.js:340:37)
      at Collection.fn_index [as push] (Data_Model/old/Collection.js:580:23)
      at Object.push (test/collection.test.js:342:10)

  ÔùÅ Collection - Edge Cases ÔÇ║ should handle null values

    expect(received).toBe(expected) // Object.is equality

    Expected: 1
    Received: 0

    [0m [90m 416 |[39m     coll[33m.[39mpush([36mnull[39m)[33m;[39m
     [90m 417 |[39m     [90m// BUG: Collection currently filters out null - should accept it[39m
    [31m[1m>[22m[39m[90m 418 |[39m     expect(coll[33m.[39mlength())[33m.[39mtoBe([35m1[39m)[33m;[39m
     [90m     |[39m                           [31m[1m^[22m[39m
     [90m 419 |[39m   })[33m;[39m
     [90m 420 |[39m
     [90m 421 |[39m   test([32m'should handle undefined values'[39m[33m,[39m () [33m=>[39m {[0m

      at Object.toBe (test/collection.test.js:418:27)

  ÔùÅ Collection - Edge Cases ÔÇ║ should handle undefined values

    expect(received).toBe(expected) // Object.is equality

    Expected: 1
    Received: 0

    [0m [90m 423 |[39m     coll[33m.[39mpush(undefined)[33m;[39m
     [90m 424 |[39m     [90m// BUG: Collection currently filters out undefined - should accept it[39m
    [31m[1m>[22m[39m[90m 425 |[39m     expect(coll[33m.[39mlength())[33m.[39mtoBe([35m1[39m)[33m;[39m
     [90m     |[39m                           [31m[1m^[22m[39m
     [90m 426 |[39m   })[33m;[39m
     [90m 427 |[39m
     [90m 428 |[39m   test([32m'should handle boolean values'[39m[33m,[39m () [33m=>[39m {[0m

      at Object.toBe (test/collection.test.js:425:27)

  ÔùÅ Collection - Edge Cases ÔÇ║ should handle boolean values

    expect(received).toBe(expected) // Object.is equality

    Expected: 2
    Received: 0

    [0m [90m 429 |[39m     [36mconst[39m coll [33m=[39m [36mnew[39m [33mCollection[39m([[36mtrue[39m[33m,[39m [36mfalse[39m])[33m;[39m
     [90m 430 |[39m     [90m// BUG: Collection currently filters out booleans - should accept them[39m
    [31m[1m>[22m[39m[90m 431 |[39m     expect(coll[33m.[39mlength())[33m.[39mtoBe([35m2[39m)[33m;[39m
     [90m     |[39m                           [31m[1m^[22m[39m
     [90m 432 |[39m     expect(coll[33m.[39m[36mget[39m([35m0[39m)[33m.[39mvalue())[33m.[39mtoBe([36mtrue[39m)[33m;[39m
     [90m 433 |[39m     expect(coll[33m.[39m[36mget[39m([35m1[39m)[33m.[39mvalue())[33m.[39mtoBe([36mfalse[39m)[33m;[39m
     [90m 434 |[39m   })[33m;[39m[0m

      at Object.toBe (test/collection.test.js:431:27)

FAIL test/data_value.test.js
  Data_Value - Creation and Basic Values
    ÔêÜ should create data_value with number literal (8 ms)
    ÔêÜ should create data_value with spec object
    ÔêÜ should create data_value with string value (1 ms)
    ├ù should create data_value with array value (5 ms)
    ÔêÜ should create data_value with object value (1 ms)
    ├ù should handle null and undefined values
  Data_Value - Type Validation
    ÔêÜ should create integer typed data_value (3 ms)
    ├ù should create number typed data_value (70 ms)
    ÔêÜ should create string typed data_value (1 ms)
    ├ù should parse string to number for number typed data_value (8 ms)
    ÔêÜ should parse string to integer for integer typed data_value (1 ms)
    ├ù should convert numeric string when reassigning to typed data_value (8 ms)
    ├ù should reject invalid type assignments (6 ms)
  Data_Value - Bidirectional Syncing
    ÔêÜ should sync two data_values bidirectionally (3 ms)
    ÔêÜ should sync integer and string typed data_values with conversion (2 ms)
    ├ù should handle rapid sequential sync updates (1 ms)
    ÔêÜ should propagate changes in complex sync chains (1 ms)
    ÔêÜ should not create sync loops (1 ms)
  Data_Value - Three-Way Syncing
    ÔêÜ should sync three data_values correctly
    ÔêÜ should propagate changes from any synced value (1 ms)
    ├ù should handle three-way sync with type conversions (5 ms)
    ÔêÜ should handle multiple sync chains (1 ms)
    ÔêÜ should handle circular sync patterns (1 ms)
  Data_Value - Change Events
    ÔêÜ should emit change event when value changes (1 ms)
    ÔêÜ should not emit change event when value is the same
    ÔêÜ should emit multiple change events for different values (1 ms)
    ÔêÜ should propagate change events through synced values (1 ms)
    ÔêÜ should allow multiple change listeners
  Data_Value - Immutability
    ÔêÜ should create immutable copy via toImmutable
    ├ù immutable data_value should not allow changes (1 ms)
    ├ù should create deep immutable copies for arrays
    ÔêÜ original data_value should remain mutable after toImmutable
    ├ù should handle immutable data_values in sync chains (1 ms)
  Data_Value - attempt_set_value Method
    ├ù should successfully set valid value (6 ms)
    ├ù should return failure for invalid value (8 ms)
    ├ù should handle string to number conversion (6 ms)
    ├ù should validate before setting value (1 ms)
    ├ù should return Value_Set_Attempt result object (1 ms)
  Data_Value - Edge Cases and Error Handling
    ÔêÜ should handle NaN values (1 ms)
    ÔêÜ should handle Infinity values (1 ms)
    ÔêÜ should handle negative zero
    ÔêÜ should handle very large numbers
    ÔêÜ should handle empty strings
    ÔêÜ should handle whitespace strings (1 ms)
    ÔêÜ should handle boolean values

  ÔùÅ Data_Value - Creation and Basic Values ÔÇ║ should create data_value with array value

    expect(received).toEqual(expected) // deep equality

    Expected: [1, 2, 3]
    Received: undefined

    [0m [90m 21 |[39m     [36mconst[39m arr [33m=[39m [[35m1[39m[33m,[39m [35m2[39m[33m,[39m [35m3[39m][33m;[39m
     [90m 22 |[39m     [36mconst[39m dv [33m=[39m [36mnew[39m [33mData_Value[39m(arr)[33m;[39m
    [31m[1m>[22m[39m[90m 23 |[39m     expect(dv[33m.[39mvalue)[33m.[39mtoEqual(arr)[33m;[39m
     [90m    |[39m                      [31m[1m^[22m[39m
     [90m 24 |[39m   })[33m;[39m
     [90m 25 |[39m
     [90m 26 |[39m   test([32m'should create data_value with object value'[39m[33m,[39m () [33m=>[39m {[0m

      at Object.toEqual (test/data_value.test.js:23:22)

  ÔùÅ Data_Value - Creation and Basic Values ÔÇ║ should handle null and undefined values

    TypeError: Cannot read properties of null (reading 'data_type')

    [0m [90m 38 |[39m         [36mthis[39m[33m.[39m__data_value [33m=[39m [36mtrue[39m[33m;[39m
     [90m 39 |[39m
    [31m[1m>[22m[39m[90m 40 |[39m         [36mif[39m (spec[33m.[39mdata_type) [36mthis[39m[33m.[39mdata_type [33m=[39m spec[33m.[39mdata_type[33m;[39m
     [90m    |[39m                  [31m[1m^[22m[39m
     [90m 41 |[39m         [36mif[39m (spec[33m.[39mcontext) {
     [90m 42 |[39m             [36mthis[39m[33m.[39mcontext [33m=[39m spec[33m.[39mcontext[33m;[39m
     [90m 43 |[39m         }[0m

      at new data_type (Data_Model/new/Base_Data_Value.js:40:18)
      at new Data_Value (Data_Model/new/Data_Value.js:112:9)
      at Object.<anonymous> (test/data_value.test.js:33:20)

  ÔùÅ Data_Value - Type Validation ÔÇ║ should create number typed data_value

    thrown: "NYI"

    [0m [90m 46 |[39m   })[33m;[39m
     [90m 47 |[39m
    [31m[1m>[22m[39m[90m 48 |[39m   test([32m'should create number typed data_value'[39m[33m,[39m () [33m=>[39m {
     [90m    |[39m   [31m[1m^[22m[39m
     [90m 49 |[39m     [36mconst[39m dv [33m=[39m [36mnew[39m [33mData_Value[39m({value[33m:[39m [35m3.14[39m[33m,[39m data_type[33m:[39m [33mNumber[39m})[33m;[39m
     [90m 50 |[39m     expect(dv[33m.[39mvalue)[33m.[39mtoBe([35m3.14[39m)[33m;[39m
     [90m 51 |[39m   })[33m;[39m[0m

      at test (test/data_value.test.js:48:3)
      at Object.describe (test/data_value.test.js:41:1)

  ÔùÅ Data_Value - Type Validation ÔÇ║ should parse string to number for number typed data_value

    thrown: "NYI"

    [0m [90m 56 |[39m   })[33m;[39m
     [90m 57 |[39m
    [31m[1m>[22m[39m[90m 58 |[39m   test([32m'should parse string to number for number typed data_value'[39m[33m,[39m () [33m=>[39m {
     [90m    |[39m   [31m[1m^[22m[39m
     [90m 59 |[39m     [36mconst[39m dv [33m=[39m [36mnew[39m [33mData_Value[39m({value[33m:[39m [32m'42'[39m[33m,[39m data_type[33m:[39m [33mNumber[39m})[33m;[39m
     [90m 60 |[39m     expect([36mtypeof[39m dv[33m.[39mvalue)[33m.[39mtoBe([32m'number'[39m)[33m;[39m
     [90m 61 |[39m     expect(dv[33m.[39mvalue)[33m.[39mtoBe([35m42[39m)[33m;[39m[0m

      at test (test/data_value.test.js:58:3)
      at Object.describe (test/data_value.test.js:41:1)

  ÔùÅ Data_Value - Type Validation ÔÇ║ should convert numeric string when reassigning to typed data_value

    thrown: "NYI"

    [0m [90m 68 |[39m   })[33m;[39m
     [90m 69 |[39m
    [31m[1m>[22m[39m[90m 70 |[39m   test([32m'should convert numeric string when reassigning to typed data_value'[39m[33m,[39m () [33m=>[39m {
     [90m    |[39m   [31m[1m^[22m[39m
     [90m 71 |[39m     [36mconst[39m dv [33m=[39m [36mnew[39m [33mData_Value[39m({value[33m:[39m [35m10[39m[33m,[39m data_type[33m:[39m [33mNumber[39m})[33m;[39m
     [90m 72 |[39m     dv[33m.[39mvalue [33m=[39m [32m'20'[39m[33m;[39m
     [90m 73 |[39m     expect([36mtypeof[39m dv[33m.[39mvalue)[33m.[39mtoBe([32m'number'[39m)[33m;[39m[0m

      at test (test/data_value.test.js:70:3)
      at Object.describe (test/data_value.test.js:41:1)

  ÔùÅ Data_Value - Type Validation ÔÇ║ should reject invalid type assignments

    thrown: "NYI"

    [0m [90m 75 |[39m   })[33m;[39m
     [90m 76 |[39m
    [31m[1m>[22m[39m[90m 77 |[39m   test([32m'should reject invalid type assignments'[39m[33m,[39m () [33m=>[39m {
     [90m    |[39m   [31m[1m^[22m[39m
     [90m 78 |[39m     [36mconst[39m dv [33m=[39m [36mnew[39m [33mData_Value[39m({value[33m:[39m [35m10[39m[33m,[39m data_type[33m:[39m [33mNumber[39m})[33m;[39m
     [90m 79 |[39m     [90m// Attempting to set non-numeric string should handle gracefully[39m
     [90m 80 |[39m     [36mconst[39m result [33m=[39m dv[33m.[39mattempt_set_value([32m'not a number'[39m)[33m;[39m[0m

      at test (test/data_value.test.js:77:3)
      at Object.describe (test/data_value.test.js:41:1)

  ÔùÅ Data_Value - Bidirectional Syncing ÔÇ║ should handle rapid sequential sync updates

    expect(received).toBe(expected) // Object.is equality

    Expected: 5
    Received: 10

    [0m [90m 131 |[39m     [36mfor[39m ([36mlet[39m i [33m=[39m [35m0[39m[33m;[39m i [33m<[39m [35m5[39m[33m;[39m i[33m++[39m) {
     [90m 132 |[39m       dv1[33m.[39mvalue [33m=[39m dv1[33m.[39mvalue [33m+[39m i[33m;[39m
    [31m[1m>[22m[39m[90m 133 |[39m       expect(dv2[33m.[39mvalue)[33m.[39mtoBe(dv1[33m.[39mvalue)[33m;[39m
     [90m     |[39m                         [31m[1m^[22m[39m
     [90m 134 |[39m     }
     [90m 135 |[39m   })[33m;[39m
     [90m 136 |[39m[0m

      at Object.toBe (test/data_value.test.js:133:25)

  ÔùÅ Data_Value - Three-Way Syncing ÔÇ║ should handle three-way sync with type conversions

    thrown: "NYI"

    [0m [90m 197 |[39m   })[33m;[39m
     [90m 198 |[39m
    [31m[1m>[22m[39m[90m 199 |[39m   test([32m'should handle three-way sync with type conversions'[39m[33m,[39m () [33m=>[39m {
     [90m     |[39m   [31m[1m^[22m[39m
     [90m 200 |[39m     [36mconst[39m dv1 [33m=[39m [36mnew[39m [33mData_Value[39m({value[33m:[39m [35m10[39m[33m,[39m data_type[33m:[39m [33mNumber[39m})[33m;[39m
     [90m 201 |[39m     [36mconst[39m dv2 [33m=[39m [36mnew[39m [33mData_Value[39m({value[33m:[39m [32m'20'[39m[33m,[39m data_type[33m:[39m [33mString[39m})[33m;[39m
     [90m 202 |[39m     [36mconst[39m dv3 [33m=[39m [36mnew[39m [33mData_Value[39m({value[33m:[39m [35m30[39m[33m,[39m data_type[33m:[39m [33mFunctional_Data_Type[39m[33m.[39minteger})[33m;[39m[0m

      at test (test/data_value.test.js:199:3)
      at Object.describe (test/data_value.test.js:165:1)

  ÔùÅ Data_Value - Immutability ÔÇ║ immutable data_value should not allow changes

    expect(received).toThrow()

    Received function did not throw

    [0m [90m 342 |[39m     expect(() [33m=>[39m {
     [90m 343 |[39m       immutable[33m.[39mvalue [33m=[39m [35m100[39m[33m;[39m
    [31m[1m>[22m[39m[90m 344 |[39m     })[33m.[39mtoThrow()[33m;[39m
     [90m     |[39m        [31m[1m^[22m[39m
     [90m 345 |[39m   })[33m;[39m
     [90m 346 |[39m
     [90m 347 |[39m   test([32m'should create deep immutable copies for arrays'[39m[33m,[39m () [33m=>[39m {[0m

      at Object.toThrow (test/data_value.test.js:344:8)

  ÔùÅ Data_Value - Immutability ÔÇ║ should create deep immutable copies for arrays

    expect(received).toEqual(expected) // deep equality

    Expected: [1, 2, 3]
    Received: undefined

    [0m [90m 350 |[39m     [36mconst[39m immutable [33m=[39m dv[33m.[39mtoImmutable()[33m;[39m
     [90m 351 |[39m     
    [31m[1m>[22m[39m[90m 352 |[39m     expect(immutable[33m.[39mvalue)[33m.[39mtoEqual([[35m1[39m[33m,[39m [35m2[39m[33m,[39m [35m3[39m])[33m;[39m
     [90m     |[39m                             [31m[1m^[22m[39m
     [90m 353 |[39m     expect(immutable[33m.[39m__immutable)[33m.[39mtoBe([36mtrue[39m)[33m;[39m
     [90m 354 |[39m   })[33m;[39m
     [90m 355 |[39m[0m

      at Object.toEqual (test/data_value.test.js:352:29)

  ÔùÅ Data_Value - Immutability ÔÇ║ should handle immutable data_values in sync chains

    expect(received).toBe(expected) // Object.is equality

    Expected: 20
    Received: 10

    [0m [90m 370 |[39m     
     [90m 371 |[39m     [36mconst[39m immutable [33m=[39m dv1[33m.[39mtoImmutable()[33m;[39m
    [31m[1m>[22m[39m[90m 372 |[39m     expect(immutable[33m.[39mvalue)[33m.[39mtoBe([35m20[39m)[33m;[39m [90m// Should have synced value[39m
     [90m     |[39m                             [31m[1m^[22m[39m
     [90m 373 |[39m     
     [90m 374 |[39m     dv1[33m.[39mvalue [33m=[39m [35m30[39m[33m;[39m
     [90m 375 |[39m     expect(immutable[33m.[39mvalue)[33m.[39mtoBe([35m20[39m)[33m;[39m [90m// Immutable should not change[39m[0m

      at Object.toBe (test/data_value.test.js:372:29)

  ÔùÅ Data_Value - attempt_set_value Method ÔÇ║ should successfully set valid value

    thrown: "NYI"

    [0m [90m 378 |[39m
     [90m 379 |[39m describe([32m'Data_Value - attempt_set_value Method'[39m[33m,[39m () [33m=>[39m {
    [31m[1m>[22m[39m[90m 380 |[39m   test([32m'should successfully set valid value'[39m[33m,[39m () [33m=>[39m {
     [90m     |[39m   [31m[1m^[22m[39m
     [90m 381 |[39m     [36mconst[39m dv [33m=[39m [36mnew[39m [33mData_Value[39m({value[33m:[39m [35m10[39m[33m,[39m data_type[33m:[39m [33mNumber[39m})[33m;[39m
     [90m 382 |[39m     [36mconst[39m result [33m=[39m dv[33m.[39mattempt_set_value([35m20[39m)[33m;[39m
     [90m 383 |[39m     [0m

      at test (test/data_value.test.js:380:3)
      at Object.describe (test/data_value.test.js:379:1)

  ÔùÅ Data_Value - attempt_set_value Method ÔÇ║ should return failure for invalid value

    thrown: "NYI"

    [0m [90m 386 |[39m   })[33m;[39m
     [90m 387 |[39m
    [31m[1m>[22m[39m[90m 388 |[39m   test([32m'should return failure for invalid value'[39m[33m,[39m () [33m=>[39m {
     [90m     |[39m   [31m[1m^[22m[39m
     [90m 389 |[39m     [36mconst[39m dv [33m=[39m [36mnew[39m [33mData_Value[39m({value[33m:[39m [35m10[39m[33m,[39m data_type[33m:[39m [33mNumber[39m})[33m;[39m
     [90m 390 |[39m     [36mconst[39m result [33m=[39m dv[33m.[39mattempt_set_value([32m'not a number'[39m)[33m;[39m
     [90m 391 |[39m     [0m

      at test (test/data_value.test.js:388:3)
      at Object.describe (test/data_value.test.js:379:1)

  ÔùÅ Data_Value - attempt_set_value Method ÔÇ║ should handle string to number conversion

    thrown: "NYI"

    [0m [90m 394 |[39m   })[33m;[39m
     [90m 395 |[39m
    [31m[1m>[22m[39m[90m 396 |[39m   test([32m'should handle string to number conversion'[39m[33m,[39m () [33m=>[39m {
     [90m     |[39m   [31m[1m^[22m[39m
     [90m 397 |[39m     [36mconst[39m dv [33m=[39m [36mnew[39m [33mData_Value[39m({value[33m:[39m [35m10[39m[33m,[39m data_type[33m:[39m [33mNumber[39m})[33m;[39m
     [90m 398 |[39m     [36mconst[39m result [33m=[39m dv[33m.[39mattempt_set_value([32m'25'[39m)[33m;[39m
     [90m 399 |[39m     [0m

      at test (test/data_value.test.js:396:3)
      at Object.describe (test/data_value.test.js:379:1)

  ÔùÅ Data_Value - attempt_set_value Method ÔÇ║ should validate before setting value

    ReferenceError: local_js_value is not defined

    [0m [90m 185 |[39m         [36mconst[39m attempt_set_value [33m=[39m [36mthis[39m[33m.[39mattempt_set_value [33m=[39m (value) [33m=>[39m {
     [90m 186 |[39m             [36mconst[39m get_local_js_value_copy [33m=[39m () [33m=>[39m {
    [31m[1m>[22m[39m[90m 187 |[39m                 [36mconst[39m tljsv [33m=[39m tof(local_js_value)[33m;[39m
     [90m     |[39m                                   [31m[1m^[22m[39m
     [90m 188 |[39m                 [36mif[39m (tljsv [33m===[39m [32m'undefined'[39m [33m||[39m tljsv [33m===[39m [32m'string'[39m [33m||[39m tljsv [33m===[39m [32m'number'[39m) {
     [90m 189 |[39m                     [36mreturn[39m local_js_value[33m;[39m
     [90m 190 |[39m                 } [36melse[39m {[0m

      at local_js_value (Data_Model/new/Data_Value.js:187:35)
      at Data_Value.get_local_js_value_copy [as attempt_set_value] (Data_Model/new/Data_Value.js:200:40)
      at Object.attempt_set_value (test/data_value.test.js:406:23)

  ÔùÅ Data_Value - attempt_set_value Method ÔÇ║ should return Value_Set_Attempt result object

    ReferenceError: local_js_value is not defined

    [0m [90m 185 |[39m         [36mconst[39m attempt_set_value [33m=[39m [36mthis[39m[33m.[39mattempt_set_value [33m=[39m (value) [33m=>[39m {
     [90m 186 |[39m             [36mconst[39m get_local_js_value_copy [33m=[39m () [33m=>[39m {
    [31m[1m>[22m[39m[90m 187 |[39m                 [36mconst[39m tljsv [33m=[39m tof(local_js_value)[33m;[39m
     [90m     |[39m                                   [31m[1m^[22m[39m
     [90m 188 |[39m                 [36mif[39m (tljsv [33m===[39m [32m'undefined'[39m [33m||[39m tljsv [33m===[39m [32m'string'[39m [33m||[39m tljsv [33m===[39m [32m'number'[39m) {
     [90m 189 |[39m                     [36mreturn[39m local_js_value[33m;[39m
     [90m 190 |[39m                 } [36melse[39m {[0m

      at local_js_value (Data_Model/new/Data_Value.js:187:35)
      at Data_Value.get_local_js_value_copy [as attempt_set_value] (Data_Model/new/Data_Value.js:200:40)
      at Object.attempt_set_value (test/data_value.test.js:414:23)

Test Suites: 6 failed, 6 total
Tests:       93 failed, 187 passed, 280 total
Snapshots:   0 total
Time:        1.687 s, estimated 6 s
Ran all test suites.
